../Core/Src/main.c:61:5:main	136	static
../Core/Src/main.c:149:6:SystemClock_Config	88	static
../Core/Src/main.c:196:13:MX_ADC2_Init	24	static
../Core/Src/main.c:243:13:MX_TIM1_Init	32	static
../Core/Src/main.c:292:13:MX_TIM2_Init	48	static
../Core/Src/main.c:341:13:MX_TIM3_Init	48	static
../Core/Src/main.c:390:13:MX_USART1_UART_Init	8	static
../Core/Src/main.c:423:13:MX_USART2_UART_Init	8	static
../Core/Src/main.c:456:13:MX_GPIO_Init	40	static
../Core/Src/main.c:510:6:Buzzer_ON	8	static
../Core/Src/main.c:520:6:Buzzer_OFF	8	static
../Core/Src/main.c:533:6:delay	16	static
../Core/Src/main.c:540:6:HAL_TIM_IC_CaptureCallback	16	static
../Core/Src/main.c:577:6:HCSR04_Read	8	static
../Core/Src/main.c:596:6:Start_Move_Task	32	static
../Core/Src/main.c:659:6:StartTemp_Task	32	static
../Core/Src/main.c:690:6:Start_Ultra_Task	32	static
../Core/Src/main.c:720:6:Start_Confirm_Task	16	static
../Core/Src/main.c:764:6:Error_Handler	4	static
