Archive member included to satisfy reference by file (symbol)

c:/st/stm32cubeide_1.4.0/stm32cubeide/plugins/com.st.stm32cube.ide.mcu.externaltools.gnu-tools-for-stm32.10.3-2021.10.win32_1.0.200.202301161003/tools/bin/../lib/gcc/arm-none-eabi/10.3.1/../../../../arm-none-eabi/lib/thumb/v7-m/nofp\libc_nano.a(lib_a-errno.o)
                              ./Core/Src/syscalls.o (__errno)
c:/st/stm32cubeide_1.4.0/stm32cubeide/plugins/com.st.stm32cube.ide.mcu.externaltools.gnu-tools-for-stm32.10.3-2021.10.win32_1.0.200.202301161003/tools/bin/../lib/gcc/arm-none-eabi/10.3.1/../../../../arm-none-eabi/lib/thumb/v7-m/nofp\libc_nano.a(lib_a-exit.o)
                              c:/st/stm32cubeide_1.4.0/stm32cubeide/plugins/com.st.stm32cube.ide.mcu.externaltools.gnu-tools-for-stm32.10.3-2021.10.win32_1.0.200.202301161003/tools/bin/../lib/gcc/arm-none-eabi/10.3.1/../../../../arm-none-eabi/lib/thumb/v7-m/nofp/crt0.o (exit)
c:/st/stm32cubeide_1.4.0/stm32cubeide/plugins/com.st.stm32cube.ide.mcu.externaltools.gnu-tools-for-stm32.10.3-2021.10.win32_1.0.200.202301161003/tools/bin/../lib/gcc/arm-none-eabi/10.3.1/../../../../arm-none-eabi/lib/thumb/v7-m/nofp\libc_nano.a(lib_a-findfp.o)
                              ./Middlewares/Third_Party/FreeRTOS/Source/tasks.o (__sf_fake_stderr)
c:/st/stm32cubeide_1.4.0/stm32cubeide/plugins/com.st.stm32cube.ide.mcu.externaltools.gnu-tools-for-stm32.10.3-2021.10.win32_1.0.200.202301161003/tools/bin/../lib/gcc/arm-none-eabi/10.3.1/../../../../arm-none-eabi/lib/thumb/v7-m/nofp\libc_nano.a(lib_a-fwalk.o)
                              c:/st/stm32cubeide_1.4.0/stm32cubeide/plugins/com.st.stm32cube.ide.mcu.externaltools.gnu-tools-for-stm32.10.3-2021.10.win32_1.0.200.202301161003/tools/bin/../lib/gcc/arm-none-eabi/10.3.1/../../../../arm-none-eabi/lib/thumb/v7-m/nofp\libc_nano.a(lib_a-findfp.o) (_fwalk)
c:/st/stm32cubeide_1.4.0/stm32cubeide/plugins/com.st.stm32cube.ide.mcu.externaltools.gnu-tools-for-stm32.10.3-2021.10.win32_1.0.200.202301161003/tools/bin/../lib/gcc/arm-none-eabi/10.3.1/../../../../arm-none-eabi/lib/thumb/v7-m/nofp\libc_nano.a(lib_a-impure.o)
                              c:/st/stm32cubeide_1.4.0/stm32cubeide/plugins/com.st.stm32cube.ide.mcu.externaltools.gnu-tools-for-stm32.10.3-2021.10.win32_1.0.200.202301161003/tools/bin/../lib/gcc/arm-none-eabi/10.3.1/../../../../arm-none-eabi/lib/thumb/v7-m/nofp\libc_nano.a(lib_a-exit.o) (_global_impure_ptr)
c:/st/stm32cubeide_1.4.0/stm32cubeide/plugins/com.st.stm32cube.ide.mcu.externaltools.gnu-tools-for-stm32.10.3-2021.10.win32_1.0.200.202301161003/tools/bin/../lib/gcc/arm-none-eabi/10.3.1/../../../../arm-none-eabi/lib/thumb/v7-m/nofp\libc_nano.a(lib_a-init.o)
                              c:/st/stm32cubeide_1.4.0/stm32cubeide/plugins/com.st.stm32cube.ide.mcu.externaltools.gnu-tools-for-stm32.10.3-2021.10.win32_1.0.200.202301161003/tools/bin/../lib/gcc/arm-none-eabi/10.3.1/../../../../arm-none-eabi/lib/thumb/v7-m/nofp/crt0.o (__libc_init_array)
c:/st/stm32cubeide_1.4.0/stm32cubeide/plugins/com.st.stm32cube.ide.mcu.externaltools.gnu-tools-for-stm32.10.3-2021.10.win32_1.0.200.202301161003/tools/bin/../lib/gcc/arm-none-eabi/10.3.1/../../../../arm-none-eabi/lib/thumb/v7-m/nofp\libc_nano.a(lib_a-lock.o)
                              c:/st/stm32cubeide_1.4.0/stm32cubeide/plugins/com.st.stm32cube.ide.mcu.externaltools.gnu-tools-for-stm32.10.3-2021.10.win32_1.0.200.202301161003/tools/bin/../lib/gcc/arm-none-eabi/10.3.1/../../../../arm-none-eabi/lib/thumb/v7-m/nofp\libc_nano.a(lib_a-findfp.o) (__retarget_lock_init_recursive)
c:/st/stm32cubeide_1.4.0/stm32cubeide/plugins/com.st.stm32cube.ide.mcu.externaltools.gnu-tools-for-stm32.10.3-2021.10.win32_1.0.200.202301161003/tools/bin/../lib/gcc/arm-none-eabi/10.3.1/../../../../arm-none-eabi/lib/thumb/v7-m/nofp\libc_nano.a(lib_a-memcpy-stub.o)
                              ./Middlewares/Third_Party/FreeRTOS/Source/queue.o (memcpy)
c:/st/stm32cubeide_1.4.0/stm32cubeide/plugins/com.st.stm32cube.ide.mcu.externaltools.gnu-tools-for-stm32.10.3-2021.10.win32_1.0.200.202301161003/tools/bin/../lib/gcc/arm-none-eabi/10.3.1/../../../../arm-none-eabi/lib/thumb/v7-m/nofp\libc_nano.a(lib_a-memset.o)
                              c:/st/stm32cubeide_1.4.0/stm32cubeide/plugins/com.st.stm32cube.ide.mcu.externaltools.gnu-tools-for-stm32.10.3-2021.10.win32_1.0.200.202301161003/tools/bin/../lib/gcc/arm-none-eabi/10.3.1/../../../../arm-none-eabi/lib/thumb/v7-m/nofp/crt0.o (memset)
c:/st/stm32cubeide_1.4.0/stm32cubeide/plugins/com.st.stm32cube.ide.mcu.externaltools.gnu-tools-for-stm32.10.3-2021.10.win32_1.0.200.202301161003/tools/bin/../lib/gcc/arm-none-eabi/10.3.1/../../../../arm-none-eabi/lib/thumb/v7-m/nofp\libc_nano.a(lib_a-nano-mallocr.o)
[...]
Memory Configuration

Name             Origin             Length             Attributes
RAM              0x0000000020000000 0x0000000000005000 xrw
FLASH            0x0000000008000000 0x0000000000010000 xr
*default*        0x0000000000000000 0xffffffffffffffff

Linker script and memory map

LOAD c:/st/stm32cubeide_1.4.0/stm32cubeide/plugins/com.st.stm32cube.ide.mcu.externaltools.gnu-tools-for-stm32.10.3-2021.10.win32_1.0.200.202301161003/tools/bin/../lib/gcc/arm-none-eabi/10.3.1/thumb/v7-m/nofp/crti.o
LOAD c:/st/stm32cubeide_1.4.0/stm32cubeide/plugins/com.st.stm32cube.ide.mcu.externaltools.gnu-tools-for-stm32.10.3-2021.10.win32_1.0.200.202301161003/tools/bin/../lib/gcc/arm-none-eabi/10.3.1/thumb/v7-m/nofp/crtbegin.o
LOAD c:/st/stm32cubeide_1.4.0/stm32cubeide/plugins/com.st.stm32cube.ide.mcu.externaltools.gnu-tools-for-stm32.10.3-2021.10.win32_1.0.200.202301161003/tools/bin/../lib/gcc/arm-none-eabi/10.3.1/../../../../arm-none-eabi/lib/thumb/v7-m/nofp/crt0.o
LOAD ./Core/Src/CAR.o
LOAD ./Core/Src/L298N.o
LOAD ./Core/Src/freertos.o
LOAD ./Core/Src/main.o
LOAD ./Core/Src/stm32f1xx_hal_msp.o
LOAD ./Core/Src/stm32f1xx_it.o
LOAD ./Core/Src/syscalls.o
LOAD ./Core/Src/sysmem.o
LOAD ./Core/Src/system_stm32f1xx.o
LOAD ./Core/Startup/startup_stm32f103c8tx.o
LOAD ./Drivers/STM32F1xx_HAL_Driver/Src/stm32f1xx_hal.o
LOAD ./Drivers/STM32F1xx_HAL_Driver/Src/stm32f1xx_hal_adc.o
LOAD ./Drivers/STM32F1xx_HAL_Driver/Src/stm32f1xx_hal_adc_ex.o
LOAD ./Drivers/STM32F1xx_HAL_Driver/Src/stm32f1xx_hal_cortex.o
LOAD ./Drivers/STM32F1xx_HAL_Driver/Src/stm32f1xx_hal_dma.o
LOAD ./Drivers/STM32F1xx_HAL_Driver/Src/stm32f1xx_hal_exti.o
LOAD ./Drivers/STM32F1xx_HAL_Driver/Src/stm32f1xx_hal_flash.o
LOAD ./Drivers/STM32F1xx_HAL_Driver/Src/stm32f1xx_hal_flash_ex.o
LOAD ./Drivers/STM32F1xx_HAL_Driver/Src/stm32f1xx_hal_gpio.o
LOAD ./Drivers/STM32F1xx_HAL_Driver/Src/stm32f1xx_hal_gpio_ex.o
LOAD ./Drivers/STM32F1xx_HAL_Driver/Src/stm32f1xx_hal_pwr.o
LOAD ./Drivers/STM32F1xx_HAL_Driver/Src/stm32f1xx_hal_rcc.o
LOAD ./Drivers/STM32F1xx_HAL_Driver/Src/stm32f1xx_hal_rcc_ex.o
LOAD ./Drivers/STM32F1xx_HAL_Driver/Src/stm32f1xx_hal_tim.o
LOAD ./Drivers/STM32F1xx_HAL_Driver/Src/stm32f1xx_hal_tim_ex.o
LOAD ./Drivers/STM32F1xx_HAL_Driver/Src/stm32f1xx_hal_uart.o
LOAD ./Middlewares/Third_Party/FreeRTOS/Source/CMSIS_RTOS/cmsis_os.o
LOAD ./Middlewares/Third_Party/FreeRTOS/Source/croutine.o
LOAD ./Middlewares/Third_Party/FreeRTOS/Source/event_groups.o
LOAD ./Middlewares/Third_Party/FreeRTOS/Source/list.o
LOAD ./Middlewares/Third_Party/FreeRTOS/Source/queue.o
LOAD ./Middlewares/Third_Party/FreeRTOS/Source/stream_buffer.o
LOAD ./Middlewares/Third_Party/FreeRTOS/Source/tasks.o
LOAD ./Middlewares/Third_Party/FreeRTOS/Source/timers.o
LOAD ./Middlewares/Third_Party/FreeRTOS/Source/portable/GCC/ARM_CM3/port.o
LOAD ./Middlewares/Third_Party/FreeRTOS/Source/portable/MemMang/heap_4.o
START GROUP
LOAD c:/st/stm32cubeide_1.4.0/stm32cubeide/plugins/com.st.stm32cube.ide.mcu.externaltools.gnu-tools-for-stm32.10.3-2021.10.win32_1.0.200.202301161003/tools/bin/../lib/gcc/arm-none-eabi/10.3.1/../../../../arm-none-eabi/lib/thumb/v7-m/nofp\libc_nano.a
LOAD c:/st/stm32cubeide_1.4.0/stm32cubeide/plugins/com.st.stm32cube.ide.mcu.externaltools.gnu-tools-for-stm32.10.3-2021.10.win32_1.0.200.202301161003/tools/bin/../lib/gcc/arm-none-eabi/10.3.1/../../../../arm-none-eabi/lib/thumb/v7-m/nofp\libm.a
END GROUP
START GROUP
LOAD c:/st/stm32cubeide_1.4.0/stm32cubeide/plugins/com.st.stm32cube.ide.mcu.externaltools.gnu-tools-for-stm32.10.3-2021.10.win32_1.0.200.202301161003/tools/bin/../lib/gcc/arm-none-eabi/10.3.1/thumb/v7-m/nofp\libgcc.a
LOAD c:/st/stm32cubeide_1.4.0/stm32cubeide/plugins/com.st.stm32cube.ide.mcu.externaltools.gnu-tools-for-stm32.10.3-2021.10.win32_1.0.200.202301161003/tools/bin/../lib/gcc/arm-none-eabi/10.3.1/../../../../arm-none-eabi/lib/thumb/v7-m/nofp\libc_nano.a
END GROUP
START GROUP
LOAD c:/st/stm32cubeide_1.4.0/stm32cubeide/plugins/com.st.stm32cube.ide.mcu.externaltools.gnu-tools-for-stm32.10.3-2021.10.win32_1.0.200.202301161003/tools/bin/../lib/gcc/arm-none-eabi/10.3.1/thumb/v7-m/nofp\libgcc.a
LOAD c:/st/stm32cubeide_1.4.0/stm32cubeide/plugins/com.st.stm32cube.ide.mcu.externaltools.gnu-tools-for-stm32.10.3-2021.10.win32_1.0.200.202301161003/tools/bin/../lib/gcc/arm-none-eabi/10.3.1/../../../../arm-none-eabi/lib/thumb/v7-m/nofp\libc_nano.a
LOAD c:/st/stm32cubeide_1.4.0/stm32cubeide/plugins/com.st.stm32cube.ide.mcu.externaltools.gnu-tools-for-stm32.10.3-2021.10.win32_1.0.200.202301161003/tools/bin/../lib/gcc/arm-none-eabi/10.3.1/../../../../arm-none-eabi/lib/thumb/v7-m/nofp\libnosys.a
END GROUP
START GROUP
LOAD c:/st/stm32cubeide_1.4.0/stm32cubeide/plugins/com.st.stm32cube.ide.mcu.externaltools.gnu-tools-for-stm32.10.3-2021.10.win32_1.0.200.202301161003/tools/bin/../lib/gcc/arm-none-eabi/10.3.1/thumb/v7-m/nofp\libgcc.a
LOAD c:/st/stm32cubeide_1.4.0/stm32cubeide/plugins/com.st.stm32cube.ide.mcu.externaltools.gnu-tools-for-stm32.10.3-2021.10.win32_1.0.200.202301161003/tools/bin/../lib/gcc/arm-none-eabi/10.3.1/../../../../arm-none-eabi/lib/thumb/v7-m/nofp\libc_nano.a
LOAD c:/st/stm32cubeide_1.4.0/stm32cubeide/plugins/com.st.stm32cube.ide.mcu.externaltools.gnu-tools-for-stm32.10.3-2021.10.win32_1.0.200.202301161003/tools/bin/../lib/gcc/arm-none-eabi/10.3.1/../../../../arm-none-eabi/lib/thumb/v7-m/nofp\libnosys.a
END GROUP
LOAD c:/st/stm32cubeide_1.4.0/stm32cubeide/plugins/com.st.stm32cube.ide.mcu.externaltools.gnu-tools-for-stm32.10.3-2021.10.win32_1.0.200.202301161003/tools/bin/../lib/gcc/arm-none-eabi/10.3.1/thumb/v7-m/nofp/crtend.o
LOAD c:/st/stm32cubeide_1.4.0/stm32cubeide/plugins/com.st.stm32cube.ide.mcu.externaltools.gnu-tools-for-stm32.10.3-2021.10.win32_1.0.200.202301161003/tools/bin/../lib/gcc/arm-none-eabi/10.3.1/thumb/v7-m/nofp/crtn.o
                0x0000000020005000                _estack = (ORIGIN (RAM) + LENGTH (RAM))
                0x0000000000000200                _Min_Heap_Size = 0x200
                0x0000000000000400                _Min_Stack_Size = 0x400

.isr_vector     0x0000000008000000      0x10c
                0x0000000008000000                . = ALIGN (0x4)
 *(.isr_vector)
 .isr_vector    0x0000000008000000      0x10c ./Core/Startup/startup_stm32f103c8tx.o
                0x0000000008000000                g_pfnVectors
                0x000000000800010c                . = ALIGN (0x4)

.text           0x0000000008000110     0x7e9c
                0x0000000008000110                . = ALIGN (0x4)
 *(.text)
 .text          0x0000000008000110       0x40 c:/st/stm32cubeide_1.4.0/stm32cubeide/plugins/com.st.stm32cube.ide.mcu.externaltools.gnu-tools-for-stm32.10.3-2021.10.win32_1.0.200.202301161003/tools/bin/../lib/gcc/arm-none-eabi/10.3.1/thumb/v7-m/nofp/crtbegin.o
 .text          0x0000000008000150      0x378 c:/st/stm32cubeide_1.4.0/stm32cubeide/plugins/com.st.stm32cube.ide.mcu.externaltools.gnu-tools-for-stm32.10.3-2021.10.win32_1.0.200.202301161003/tools/bin/../lib/gcc/arm-none-eabi/10.3.1/thumb/v7-m/nofp\libgcc.a(_arm_addsubdf3.o)
                0x0000000008000150                __aeabi_drsub
                0x0000000008000158                __aeabi_dsub
                0x0000000008000158                __subdf3
                0x000000000800015c                __aeabi_dadd
                0x000000000800015c                __adddf3
                0x00000000080003d4                __floatunsidf
                0x00000000080003d4                __aeabi_ui2d
                0x00000000080003f4                __floatsidf
                0x00000000080003f4                __aeabi_i2d
                0x0000000008000418                __aeabi_f2d
                0x0000000008000418                __extendsfdf2
                0x000000000800045c                __floatundidf
                0x000000000800045c                __aeabi_ul2d
                0x000000000800046c                __floatdidf
                0x000000000800046c                __aeabi_l2d
 .text          0x00000000080004c8      0x424 c:/st/stm32cubeide_1.4.0/stm32cubeide/plugins/com.st.stm32cube.ide.mcu.externaltools.gnu-tools-for-stm32.10.3-2021.10.win32_1.0.200.202301161003/tools/bin/../lib/gcc/arm-none-eabi/10.3.1/thumb/v7-m/nofp\libgcc.a(_arm_muldivdf3.o)
                0x00000000080004c8                __aeabi_dmul
                0x00000000080004c8                __muldf3
                0x000000000800071c                __divdf3
                0x000000000800071c                __aeabi_ddiv
 .text          0x00000000080008ec       0xa0 c:/st/stm32cubeide_1.4.0/stm32cubeide/plugins/com.st.stm32cube.ide.mcu.externaltools.gnu-tools-for-stm32.10.3-2021.10.win32_1.0.200.202301161003/tools/bin/../lib/gcc/arm-none-eabi/10.3.1/thumb/v7-m/nofp\libgcc.a(_arm_truncdfsf2.o)
                0x00000000080008ec                __truncdfsf2
                0x00000000080008ec                __aeabi_d2f
 .text          0x000000000800098c       0xec c:/st/stm32cubeide_1.4.0/stm32cubeide/plugins/com.st.stm32cube.ide.mcu.externaltools.gnu-tools-for-stm32.10.3-2021.10.win32_1.0.200.202301161003/tools/bin/../lib/gcc/arm-none-eabi/10.3.1/thumb/v7-m/nofp\libgcc.a(_arm_cmpsf2.o)
                0x000000000800098c                __gesf2
                0x000000000800098c                __gtsf2
                0x0000000008000994                __lesf2
                0x0000000008000994                __ltsf2
                0x000000000800099c                __nesf2
                0x000000000800099c                __eqsf2
                0x000000000800099c                __cmpsf2
                0x00000000080009fc                __aeabi_cfrcmple
                0x0000000008000a04                __aeabi_cfcmpeq
                0x0000000008000a04                __aeabi_cfcmple
                0x0000000008000a14                __aeabi_fcmpeq
                0x0000000008000a28                __aeabi_fcmplt
                0x0000000008000a3c                __aeabi_fcmple
                0x0000000008000a50                __aeabi_fcmpge
                0x0000000008000a64                __aeabi_fcmpgt
 *(.text*)
 .text.Car_INIT
                0x0000000008000a78       0x1a ./Core/Src/CAR.o
                0x0000000008000a78                Car_INIT
 .text.Car_Stop
                0x0000000008000a92       0x2c ./Core/Src/CAR.o
                0x0000000008000a92                Car_Stop
 .text.Car_Forward
                0x0000000008000abe       0x2c ./Core/Src/CAR.o
                0x0000000008000abe                Car_Forward
 .text.Car_Right
                0x0000000008000aea       0x2c ./Core/Src/CAR.o
                0x0000000008000aea                Car_Right
 .text.Car_left
                0x0000000008000b16       0x2c ./Core/Src/CAR.o
                0x0000000008000b16                Car_left
 .text.Car_Set_Speed
                0x0000000008000b42       0x30 ./Core/Src/CAR.o
                0x0000000008000b42                Car_Set_Speed
 .text.L298N_SetMotorPinState
                0x0000000008000b72       0x24 ./Core/Src/L298N.o
 .text.L298N_Init
                0x0000000008000b96       0x58 ./Core/Src/L298N.o
                0x0000000008000b96                L298N_Init
 .text.L298N_SetMotorSpeed
                0x0000000008000bee       0xba ./Core/Src/L298N.o
                0x0000000008000bee                L298N_SetMotorSpeed
 .text.L298N_SetMotorDirection
                0x0000000008000ca8      0x112 ./Core/Src/L298N.o
                0x0000000008000ca8                L298N_SetMotorDirection
 *fill*         0x0000000008000dba        0x2 
 .text.vApplicationGetIdleTaskMemory
                0x0000000008000dbc       0x30 ./Core/Src/freertos.o
                0x0000000008000dbc                vApplicationGetIdleTaskMemory
 .text.main     0x0000000008000dec      0x130 ./Core/Src/main.o
                0x0000000008000dec                main
 .text.SystemClock_Config
                0x0000000008000f1c       0xb6 ./Core/Src/main.o
                0x0000000008000f1c                SystemClock_Config
 *fill*         0x0000000008000fd2        0x2 
 .text.MX_ADC2_Init
                0x0000000008000fd4       0x7c ./Core/Src/main.o
 .text.MX_TIM1_Init
                0x0000000008001050       0xac ./Core/Src/main.o
 .text.MX_TIM2_Init
                0x00000000080010fc       0xb0 ./Core/Src/main.o
 .text.MX_TIM3_Init
                0x00000000080011ac       0xb4 ./Core/Src/main.o
 .text.MX_USART1_UART_Init
                0x0000000008001260       0x54 ./Core/Src/main.o
 .text.MX_USART2_UART_Init
                0x00000000080012b4       0x54 ./Core/Src/main.o
 .text.MX_GPIO_Init
                0x0000000008001308      0x124 ./Core/Src/main.o
 .text.Buzzer_ON
                0x000000000800142c       0x18 ./Core/Src/main.o
                0x000000000800142c                Buzzer_ON
 .text.Buzzer_OFF
                0x0000000008001444       0x18 ./Core/Src/main.o
                0x0000000008001444                Buzzer_OFF
 .text.delay    0x000000000800145c       0x30 ./Core/Src/main.o
                0x000000000800145c                delay
 *fill*         0x000000000800148c        0x4 
 .text.HAL_TIM_IC_CaptureCallback
                0x0000000008001490      0x140 ./Core/Src/main.o
                0x0000000008001490                HAL_TIM_IC_CaptureCallback
 .text.HCSR04_Read
                0x00000000080015d0       0x40 ./Core/Src/main.o
                0x00000000080015d0                HCSR04_Read
 .text.Start_Move_Task
                0x0000000008001610      0x164 ./Core/Src/main.o
                0x0000000008001610                Start_Move_Task
 .text.StartTemp_Task
                0x0000000008001774       0x6c ./Core/Src/main.o
                0x0000000008001774                StartTemp_Task
 .text.Start_Ultra_Task
                0x00000000080017e0       0x70 ./Core/Src/main.o
                0x00000000080017e0                Start_Ultra_Task
 .text.Start_Confirm_Task
                0x0000000008001850       0xd4 ./Core/Src/main.o
                0x0000000008001850                Start_Confirm_Task
 .text.Error_Handler
                0x0000000008001924        0xc ./Core/Src/main.o
                0x0000000008001924                Error_Handler
 .text.HAL_MspInit
                0x0000000008001930       0x90 ./Core/Src/stm32f1xx_hal_msp.o
                0x0000000008001930                HAL_MspInit
 .text.HAL_ADC_MspInit
                0x00000000080019c0       0x88 ./Core/Src/stm32f1xx_hal_msp.o
                0x00000000080019c0                HAL_ADC_MspInit
 .text.HAL_TIM_IC_MspInit
                0x0000000008001a48       0x90 ./Core/Src/stm32f1xx_hal_msp.o
                0x0000000008001a48                HAL_TIM_IC_MspInit
 .text.HAL_TIM_PWM_MspInit
                0x0000000008001ad8       0x60 ./Core/Src/stm32f1xx_hal_msp.o
                0x0000000008001ad8                HAL_TIM_PWM_MspInit
 .text.HAL_TIM_MspPostInit
                0x0000000008001b38       0xd0 ./Core/Src/stm32f1xx_hal_msp.o
                0x0000000008001b38                HAL_TIM_MspPostInit
 .text.HAL_UART_MspInit
                0x0000000008001c08      0x128 ./Core/Src/stm32f1xx_hal_msp.o
                0x0000000008001c08                HAL_UART_MspInit
 .text.NMI_Handler
                0x0000000008001d30        0xc ./Core/Src/stm32f1xx_it.o
                0x0000000008001d30                NMI_Handler
 .text.HardFault_Handler
                0x0000000008001d3c        0x6 ./Core/Src/stm32f1xx_it.o
                0x0000000008001d3c                HardFault_Handler
 .text.MemManage_Handler
                0x0000000008001d42        0x6 ./Core/Src/stm32f1xx_it.o
                0x0000000008001d42                MemManage_Handler
 .text.BusFault_Handler
                0x0000000008001d48        0x6 ./Core/Src/stm32f1xx_it.o
                0x0000000008001d48                BusFault_Handler
 .text.UsageFault_Handler
                0x0000000008001d4e        0x6 ./Core/Src/stm32f1xx_it.o
                0x0000000008001d4e                UsageFault_Handler
 .text.DebugMon_Handler
                0x0000000008001d54        0xc ./Core/Src/stm32f1xx_it.o
                0x0000000008001d54                DebugMon_Handler
 .text.SysTick_Handler
                0x0000000008001d60       0x1a ./Core/Src/stm32f1xx_it.o
                0x0000000008001d60                SysTick_Handler
 .text.PVD_IRQHandler
                0x0000000008001d7a        0xc ./Core/Src/stm32f1xx_it.o
                0x0000000008001d7a                PVD_IRQHandler
 .text.RCC_IRQHandler
                0x0000000008001d86        0xc ./Core/Src/stm32f1xx_it.o
                0x0000000008001d86                RCC_IRQHandler
 *fill*         0x0000000008001d92        0x2 
 .text.ADC1_2_IRQHandler
                0x0000000008001d94       0x14 ./Core/Src/stm32f1xx_it.o
                0x0000000008001d94                ADC1_2_IRQHandler
 .text.TIM1_CC_IRQHandler
                0x0000000008001da8       0x14 ./Core/Src/stm32f1xx_it.o
                0x0000000008001da8                TIM1_CC_IRQHandler
 .text.USART1_IRQHandler
                0x0000000008001dbc       0x14 ./Core/Src/stm32f1xx_it.o
                0x0000000008001dbc                USART1_IRQHandler
 .text.USART2_IRQHandler
                0x0000000008001dd0       0x14 ./Core/Src/stm32f1xx_it.o
                0x0000000008001dd0                USART2_IRQHandler
 .text.SystemInit
                0x0000000008001de4        0xc ./Core/Src/system_stm32f1xx.o
                0x0000000008001de4                SystemInit
 .text.Reset_Handler
                0x0000000008001df0       0x48 ./Core/Startup/startup_stm32f103c8tx.o
                0x0000000008001df0                Reset_Handler
 .text.Default_Handler
                0x0000000008001e38        0x2 ./Core/Startup/startup_stm32f103c8tx.o
                0x0000000008001e38                RTC_Alarm_IRQHandler
                0x0000000008001e38                EXTI2_IRQHandler
                0x0000000008001e38                EXTI3_IRQHandler
                0x0000000008001e38                EXTI0_IRQHandler
                0x0000000008001e38                I2C2_EV_IRQHandler
                0x0000000008001e38                SPI1_IRQHandler
                0x0000000008001e38                TAMPER_IRQHandler
                0x0000000008001e38                DMA1_Channel4_IRQHandler
                0x0000000008001e38                USART3_IRQHandler
                0x0000000008001e38                RTC_IRQHandler
                0x0000000008001e38                DMA1_Channel7_IRQHandler
                0x0000000008001e38                CAN1_RX1_IRQHandler
                0x0000000008001e38                TIM4_IRQHandler
                0x0000000008001e38                I2C1_EV_IRQHandler
                0x0000000008001e38                DMA1_Channel6_IRQHandler
                0x0000000008001e38                TIM3_IRQHandler
                0x0000000008001e38                TIM1_TRG_COM_IRQHandler
                0x0000000008001e38                DMA1_Channel1_IRQHandler
                0x0000000008001e38                Default_Handler
                0x0000000008001e38                EXTI15_10_IRQHandler
                0x0000000008001e38                EXTI9_5_IRQHandler
                0x0000000008001e38                SPI2_IRQHandler
                0x0000000008001e38                DMA1_Channel5_IRQHandler
                0x0000000008001e38                EXTI4_IRQHandler
                0x0000000008001e38                USB_LP_CAN1_RX0_IRQHandler
                0x0000000008001e38                USB_HP_CAN1_TX_IRQHandler
                0x0000000008001e38                DMA1_Channel3_IRQHandler
                0x0000000008001e38                TIM1_UP_IRQHandler
                0x0000000008001e38                WWDG_IRQHandler
                0x0000000008001e38                TIM2_IRQHandler
                0x0000000008001e38                TIM1_BRK_IRQHandler
                0x0000000008001e38                EXTI1_IRQHandler
                0x0000000008001e38                I2C2_ER_IRQHandler
                0x0000000008001e38                DMA1_Channel2_IRQHandler
                0x0000000008001e38                CAN1_SCE_IRQHandler
                0x0000000008001e38                FLASH_IRQHandler
                0x0000000008001e38                I2C1_ER_IRQHandler
                0x0000000008001e38                USBWakeUp_IRQHandler
 *fill*         0x0000000008001e3a        0x2 
 .text.HAL_Init
                0x0000000008001e3c       0x2c ./Drivers/STM32F1xx_HAL_Driver/Src/stm32f1xx_hal.o
                0x0000000008001e3c                HAL_Init
 .text.HAL_InitTick
                0x0000000008001e68       0x60 ./Drivers/STM32F1xx_HAL_Driver/Src/stm32f1xx_hal.o
                0x0000000008001e68                HAL_InitTick
 .text.HAL_IncTick
                0x0000000008001ec8       0x24 ./Drivers/STM32F1xx_HAL_Driver/Src/stm32f1xx_hal.o
                0x0000000008001ec8                HAL_IncTick
 .text.HAL_GetTick
                0x0000000008001eec       0x14 ./Drivers/STM32F1xx_HAL_Driver/Src/stm32f1xx_hal.o
                0x0000000008001eec                HAL_GetTick
 .text.HAL_ADC_Init
                0x0000000008001f00      0x1b0 ./Drivers/STM32F1xx_HAL_Driver/Src/stm32f1xx_hal_adc.o
                0x0000000008001f00                HAL_ADC_Init
 .text.HAL_ADC_Start
                0x00000000080020b0      0x15c ./Drivers/STM32F1xx_HAL_Driver/Src/stm32f1xx_hal_adc.o
                0x00000000080020b0                HAL_ADC_Start
 .text.HAL_ADC_IRQHandler
                0x000000000800220c      0x17e ./Drivers/STM32F1xx_HAL_Driver/Src/stm32f1xx_hal_adc.o
                0x000000000800220c                HAL_ADC_IRQHandler
 .text.HAL_ADC_ConvCpltCallback
                0x000000000800238a       0x12 ./Drivers/STM32F1xx_HAL_Driver/Src/stm32f1xx_hal_adc.o
                0x000000000800238a                HAL_ADC_ConvCpltCallback
 .text.HAL_ADC_LevelOutOfWindowCallback
                0x000000000800239c       0x12 ./Drivers/STM32F1xx_HAL_Driver/Src/stm32f1xx_hal_adc.o
                0x000000000800239c                HAL_ADC_LevelOutOfWindowCallback
 *fill*         0x00000000080023ae        0x2 
 .text.HAL_ADC_ConfigChannel
                0x00000000080023b0      0x1f0 ./Drivers/STM32F1xx_HAL_Driver/Src/stm32f1xx_hal_adc.o
                0x00000000080023b0                HAL_ADC_ConfigChannel
 .text.ADC_Enable
                0x00000000080025a0       0xb4 ./Drivers/STM32F1xx_HAL_Driver/Src/stm32f1xx_hal_adc.o
                0x00000000080025a0                ADC_Enable
 .text.ADC_ConversionStop_Disable
                0x0000000008002654       0x82 ./Drivers/STM32F1xx_HAL_Driver/Src/stm32f1xx_hal_adc.o
                0x0000000008002654                ADC_ConversionStop_Disable
 .text.HAL_ADCEx_InjectedConvCpltCallback
                0x00000000080026d6       0x12 ./Drivers/STM32F1xx_HAL_Driver/Src/stm32f1xx_hal_adc_ex.o
                0x00000000080026d6                HAL_ADCEx_InjectedConvCpltCallback
 .text.__NVIC_SetPriorityGrouping
                0x00000000080026e8       0x48 ./Drivers/STM32F1xx_HAL_Driver/Src/stm32f1xx_hal_cortex.o
 .text.__NVIC_GetPriorityGrouping
                0x0000000008002730       0x1c ./Drivers/STM32F1xx_HAL_Driver/Src/stm32f1xx_hal_cortex.o
 .text.__NVIC_EnableIRQ
                0x000000000800274c       0x38 ./Drivers/STM32F1xx_HAL_Driver/Src/stm32f1xx_hal_cortex.o
 .text.__NVIC_SetPriority
                0x0000000008002784       0x54 ./Drivers/STM32F1xx_HAL_Driver/Src/stm32f1xx_hal_cortex.o
 .text.NVIC_EncodePriority
                0x00000000080027d8       0x64 ./Drivers/STM32F1xx_HAL_Driver/Src/stm32f1xx_hal_cortex.o
 .text.SysTick_Config
                0x000000000800283c       0x44 ./Drivers/STM32F1xx_HAL_Driver/Src/stm32f1xx_hal_cortex.o
 .text.HAL_NVIC_SetPriorityGrouping
                0x0000000008002880       0x16 ./Drivers/STM32F1xx_HAL_Driver/Src/stm32f1xx_hal_cortex.o
                0x0000000008002880                HAL_NVIC_SetPriorityGrouping
 .text.HAL_NVIC_SetPriority
                0x0000000008002896       0x38 ./Drivers/STM32F1xx_HAL_Driver/Src/stm32f1xx_hal_cortex.o
                0x0000000008002896                HAL_NVIC_SetPriority
 .text.HAL_NVIC_EnableIRQ
                0x00000000080028ce       0x1c ./Drivers/STM32F1xx_HAL_Driver/Src/stm32f1xx_hal_cortex.o
                0x00000000080028ce                HAL_NVIC_EnableIRQ
 .text.HAL_SYSTICK_Config
                0x00000000080028ea       0x18 ./Drivers/STM32F1xx_HAL_Driver/Src/stm32f1xx_hal_cortex.o
                0x00000000080028ea                HAL_SYSTICK_Config
 .text.HAL_DMA_Abort
                0x0000000008002902       0x76 ./Drivers/STM32F1xx_HAL_Driver/Src/stm32f1xx_hal_dma.o
                0x0000000008002902                HAL_DMA_Abort
 .text.HAL_DMA_Abort_IT
                0x0000000008002978       0xf0 ./Drivers/STM32F1xx_HAL_Driver/Src/stm32f1xx_hal_dma.o
                0x0000000008002978                HAL_DMA_Abort_IT
 .text.HAL_GPIO_Init
                0x0000000008002a68      0x308 ./Drivers/STM32F1xx_HAL_Driver/Src/stm32f1xx_hal_gpio.o
                0x0000000008002a68                HAL_GPIO_Init
 .text.HAL_GPIO_WritePin
                0x0000000008002d70       0x30 ./Drivers/STM32F1xx_HAL_Driver/Src/stm32f1xx_hal_gpio.o
                0x0000000008002d70                HAL_GPIO_WritePin
 .text.HAL_PWR_PVD_IRQHandler
                0x0000000008002da0       0x24 ./Drivers/STM32F1xx_HAL_Driver/Src/stm32f1xx_hal_pwr.o
                0x0000000008002da0                HAL_PWR_PVD_IRQHandler
 .text.HAL_PWR_PVDCallback
                0x0000000008002dc4        0xc ./Drivers/STM32F1xx_HAL_Driver/Src/stm32f1xx_hal_pwr.o
                0x0000000008002dc4                HAL_PWR_PVDCallback
 .text.HAL_RCC_OscConfig
                0x0000000008002dd0      0x504 ./Drivers/STM32F1xx_HAL_Driver/Src/stm32f1xx_hal_rcc.o
                0x0000000008002dd0                HAL_RCC_OscConfig
 .text.HAL_RCC_ClockConfig
                0x00000000080032d4      0x1d4 ./Drivers/STM32F1xx_HAL_Driver/Src/stm32f1xx_hal_rcc.o
                0x00000000080032d4                HAL_RCC_ClockConfig
 .text.HAL_RCC_GetSysClockFreq
                0x00000000080034a8       0xa8 ./Drivers/STM32F1xx_HAL_Driver/Src/stm32f1xx_hal_rcc.o
                0x00000000080034a8                HAL_RCC_GetSysClockFreq
 .text.HAL_RCC_GetHCLKFreq
                0x0000000008003550       0x14 ./Drivers/STM32F1xx_HAL_Driver/Src/stm32f1xx_hal_rcc.o
                0x0000000008003550                HAL_RCC_GetHCLKFreq
 .text.HAL_RCC_GetPCLK1Freq
                0x0000000008003564       0x28 ./Drivers/STM32F1xx_HAL_Driver/Src/stm32f1xx_hal_rcc.o
                0x0000000008003564                HAL_RCC_GetPCLK1Freq
 .text.HAL_RCC_GetPCLK2Freq
                0x000000000800358c       0x28 ./Drivers/STM32F1xx_HAL_Driver/Src/stm32f1xx_hal_rcc.o
                0x000000000800358c                HAL_RCC_GetPCLK2Freq
 .text.RCC_Delay
                0x00000000080035b4       0x3c ./Drivers/STM32F1xx_HAL_Driver/Src/stm32f1xx_hal_rcc.o
 .text.HAL_RCCEx_PeriphCLKConfig
                0x00000000080035f0      0x16c ./Drivers/STM32F1xx_HAL_Driver/Src/stm32f1xx_hal_rcc_ex.o
                0x00000000080035f0                HAL_RCCEx_PeriphCLKConfig
 .text.HAL_TIM_Base_Start
                0x000000000800375c       0x94 ./Drivers/STM32F1xx_HAL_Driver/Src/stm32f1xx_hal_tim.o
                0x000000000800375c                HAL_TIM_Base_Start
 .text.HAL_TIM_PWM_Init
                0x00000000080037f0       0x9e ./Drivers/STM32F1xx_HAL_Driver/Src/stm32f1xx_hal_tim.o
                0x00000000080037f0                HAL_TIM_PWM_Init
 *fill*         0x000000000800388e        0x2 
 .text.HAL_TIM_PWM_Start
                0x0000000008003890      0x144 ./Drivers/STM32F1xx_HAL_Driver/Src/stm32f1xx_hal_tim.o
                0x0000000008003890                HAL_TIM_PWM_Start
 .text.HAL_TIM_IC_Init
                0x00000000080039d4       0x9e ./Drivers/STM32F1xx_HAL_Driver/Src/stm32f1xx_hal_tim.o
                0x00000000080039d4                HAL_TIM_IC_Init
 *fill*         0x0000000008003a72        0x2 
 .text.HAL_TIM_IC_Start
                0x0000000008003a74      0x180 ./Drivers/STM32F1xx_HAL_Driver/Src/stm32f1xx_hal_tim.o
                0x0000000008003a74                HAL_TIM_IC_Start
 .text.HAL_TIM_IRQHandler
                0x0000000008003bf4      0x210 ./Drivers/STM32F1xx_HAL_Driver/Src/stm32f1xx_hal_tim.o
                0x0000000008003bf4                HAL_TIM_IRQHandler
 .text.HAL_TIM_IC_ConfigChannel
                0x0000000008003e04      0x138 ./Drivers/STM32F1xx_HAL_Driver/Src/stm32f1xx_hal_tim.o
                0x0000000008003e04                HAL_TIM_IC_ConfigChannel
 .text.HAL_TIM_PWM_ConfigChannel
                0x0000000008003f3c      0x184 ./Drivers/STM32F1xx_HAL_Driver/Src/stm32f1xx_hal_tim.o
                0x0000000008003f3c                HAL_TIM_PWM_ConfigChannel
 .text.HAL_TIM_ReadCapturedValue
                0x00000000080040c0       0x88 ./Drivers/STM32F1xx_HAL_Driver/Src/stm32f1xx_hal_tim.o
                0x00000000080040c0                HAL_TIM_ReadCapturedValue
 .text.HAL_TIM_PeriodElapsedCallback
                0x0000000008004148       0x12 ./Drivers/STM32F1xx_HAL_Driver/Src/stm32f1xx_hal_tim.o
                0x0000000008004148                HAL_TIM_PeriodElapsedCallback
 .text.HAL_TIM_OC_DelayElapsedCallback
                0x000000000800415a       0x12 ./Drivers/STM32F1xx_HAL_Driver/Src/stm32f1xx_hal_tim.o
                0x000000000800415a                HAL_TIM_OC_DelayElapsedCallback
 .text.HAL_TIM_PWM_PulseFinishedCallback
                0x000000000800416c       0x12 ./Drivers/STM32F1xx_HAL_Driver/Src/stm32f1xx_hal_tim.o
                0x000000000800416c                HAL_TIM_PWM_PulseFinishedCallback
 .text.HAL_TIM_TriggerCallback
                0x000000000800417e       0x12 ./Drivers/STM32F1xx_HAL_Driver/Src/stm32f1xx_hal_tim.o
                0x000000000800417e                HAL_TIM_TriggerCallback
 .text.TIM_Base_SetConfig
                0x0000000008004190       0xc4 ./Drivers/STM32F1xx_HAL_Driver/Src/stm32f1xx_hal_tim.o
                0x0000000008004190                TIM_Base_SetConfig
 .text.TIM_OC1_SetConfig
                0x0000000008004254       0xcc ./Drivers/STM32F1xx_HAL_Driver/Src/stm32f1xx_hal_tim.o
 .text.TIM_OC2_SetConfig
                0x0000000008004320       0xd4 ./Drivers/STM32F1xx_HAL_Driver/Src/stm32f1xx_hal_tim.o
                0x0000000008004320                TIM_OC2_SetConfig
 .text.TIM_OC3_SetConfig
                0x00000000080043f4       0xd4 ./Drivers/STM32F1xx_HAL_Driver/Src/stm32f1xx_hal_tim.o
 .text.TIM_OC4_SetConfig
                0x00000000080044c8       0x9c ./Drivers/STM32F1xx_HAL_Driver/Src/stm32f1xx_hal_tim.o
 .text.TIM_TI1_SetConfig
                0x0000000008004564       0xb4 ./Drivers/STM32F1xx_HAL_Driver/Src/stm32f1xx_hal_tim.o
                0x0000000008004564                TIM_TI1_SetConfig
 .text.TIM_TI2_SetConfig
                0x0000000008004618       0x78 ./Drivers/STM32F1xx_HAL_Driver/Src/stm32f1xx_hal_tim.o
 .text.TIM_TI3_SetConfig
                0x0000000008004690       0x76 ./Drivers/STM32F1xx_HAL_Driver/Src/stm32f1xx_hal_tim.o
 .text.TIM_TI4_SetConfig
                0x0000000008004706       0x78 ./Drivers/STM32F1xx_HAL_Driver/Src/stm32f1xx_hal_tim.o
 .text.TIM_CCxChannelCmd
                0x000000000800477e       0x48 ./Drivers/STM32F1xx_HAL_Driver/Src/stm32f1xx_hal_tim.o
                0x000000000800477e                TIM_CCxChannelCmd
 *fill*         0x00000000080047c6        0x2 
 .text.HAL_TIMEx_MasterConfigSynchronization
                0x00000000080047c8       0xbc ./Drivers/STM32F1xx_HAL_Driver/Src/stm32f1xx_hal_tim_ex.o
                0x00000000080047c8                HAL_TIMEx_MasterConfigSynchronization
 .text.HAL_TIMEx_CommutCallback
                0x0000000008004884       0x12 ./Drivers/STM32F1xx_HAL_Driver/Src/stm32f1xx_hal_tim_ex.o
                0x0000000008004884                HAL_TIMEx_CommutCallback
 .text.HAL_TIMEx_BreakCallback
                0x0000000008004896       0x12 ./Drivers/STM32F1xx_HAL_Driver/Src/stm32f1xx_hal_tim_ex.o
                0x0000000008004896                HAL_TIMEx_BreakCallback
 .text.HAL_UART_Init
                0x00000000080048a8       0xa0 ./Drivers/STM32F1xx_HAL_Driver/Src/stm32f1xx_hal_uart.o
                0x00000000080048a8                HAL_UART_Init
 .text.HAL_UART_Receive
                0x0000000008004948      0x124 ./Drivers/STM32F1xx_HAL_Driver/Src/stm32f1xx_hal_uart.o
                0x0000000008004948                HAL_UART_Receive
 .text.HAL_UART_IRQHandler
                0x0000000008004a6c      0x524 ./Drivers/STM32F1xx_HAL_Driver/Src/stm32f1xx_hal_uart.o
                0x0000000008004a6c                HAL_UART_IRQHandler
 .text.HAL_UART_TxCpltCallback
                0x0000000008004f90       0x12 ./Drivers/STM32F1xx_HAL_Driver/Src/stm32f1xx_hal_uart.o
                0x0000000008004f90                HAL_UART_TxCpltCallback
 .text.HAL_UART_RxCpltCallback
                0x0000000008004fa2       0x12 ./Drivers/STM32F1xx_HAL_Driver/Src/stm32f1xx_hal_uart.o
                0x0000000008004fa2                HAL_UART_RxCpltCallback
 .text.HAL_UART_ErrorCallback
                0x0000000008004fb4       0x12 ./Drivers/STM32F1xx_HAL_Driver/Src/stm32f1xx_hal_uart.o
                0x0000000008004fb4                HAL_UART_ErrorCallback
 .text.HAL_UARTEx_RxEventCallback
                0x0000000008004fc6       0x16 ./Drivers/STM32F1xx_HAL_Driver/Src/stm32f1xx_hal_uart.o
                0x0000000008004fc6                HAL_UARTEx_RxEventCallback
 .text.UART_WaitOnFlagUntilTimeout
                0x0000000008004fdc       0xdc ./Drivers/STM32F1xx_HAL_Driver/Src/stm32f1xx_hal_uart.o
 .text.UART_EndRxTransfer
                0x00000000080050b8       0xc4 ./Drivers/STM32F1xx_HAL_Driver/Src/stm32f1xx_hal_uart.o
 .text.UART_DMAAbortOnError
                0x000000000800517c       0x28 ./Drivers/STM32F1xx_HAL_Driver/Src/stm32f1xx_hal_uart.o
 .text.UART_Transmit_IT
                0x00000000080051a4       0x9e ./Drivers/STM32F1xx_HAL_Driver/Src/stm32f1xx_hal_uart.o
 .text.UART_EndTransmit_IT
                0x0000000008005242       0x30 ./Drivers/STM32F1xx_HAL_Driver/Src/stm32f1xx_hal_uart.o
 .text.UART_Receive_IT
                0x0000000008005272      0x17c ./Drivers/STM32F1xx_HAL_Driver/Src/stm32f1xx_hal_uart.o
 *fill*         0x00000000080053ee        0x2 
 .text.UART_SetConfig
                0x00000000080053f0      0x11c ./Drivers/STM32F1xx_HAL_Driver/Src/stm32f1xx_hal_uart.o
 .text.makeFreeRtosPriority
                0x000000000800550c       0x2e ./Middlewares/Third_Party/FreeRTOS/Source/CMSIS_RTOS/cmsis_os.o
 .text.osKernelStart
                0x000000000800553a        0xe ./Middlewares/Third_Party/FreeRTOS/Source/CMSIS_RTOS/cmsis_os.o
                0x000000000800553a                osKernelStart
 .text.osThreadCreate
                0x0000000008005548       0x98 ./Middlewares/Third_Party/FreeRTOS/Source/CMSIS_RTOS/cmsis_os.o
                0x0000000008005548                osThreadCreate
 .text.osThreadTerminate
                0x00000000080055e0       0x18 ./Middlewares/Third_Party/FreeRTOS/Source/CMSIS_RTOS/cmsis_os.o
                0x00000000080055e0                osThreadTerminate
 .text.osDelay  0x00000000080055f8       0x28 ./Middlewares/Third_Party/FreeRTOS/Source/CMSIS_RTOS/cmsis_os.o
                0x00000000080055f8                osDelay
 .text.osSemaphoreCreate
                0x0000000008005620       0x64 ./Middlewares/Third_Party/FreeRTOS/Source/CMSIS_RTOS/cmsis_os.o
                0x0000000008005620                osSemaphoreCreate
 .text.xEventGroupCreate
                0x0000000008005684       0x34 ./Middlewares/Third_Party/FreeRTOS/Source/event_groups.o
                0x0000000008005684                xEventGroupCreate
 .text.xEventGroupWaitBits
                0x00000000080056b8      0x19c ./Middlewares/Third_Party/FreeRTOS/Source/event_groups.o
                0x00000000080056b8                xEventGroupWaitBits
 .text.xEventGroupSetBits
                0x0000000008005854      0x116 ./Middlewares/Third_Party/FreeRTOS/Source/event_groups.o
                0x0000000008005854                xEventGroupSetBits
 .text.prvTestWaitCondition
                0x000000000800596a       0x42 ./Middlewares/Third_Party/FreeRTOS/Source/event_groups.o
 .text.vListInitialise
                0x00000000080059ac       0x3e ./Middlewares/Third_Party/FreeRTOS/Source/list.o
                0x00000000080059ac                vListInitialise
 .text.vListInitialiseItem
                0x00000000080059ea       0x18 ./Middlewares/Third_Party/FreeRTOS/Source/list.o
                0x00000000080059ea                vListInitialiseItem
 .text.vListInsertEnd
                0x0000000008005a02       0x46 ./Middlewares/Third_Party/FreeRTOS/Source/list.o
                0x0000000008005a02                vListInsertEnd
 .text.vListInsert
                0x0000000008005a48       0x70 ./Middlewares/Third_Party/FreeRTOS/Source/list.o
                0x0000000008005a48                vListInsert
 .text.uxListRemove
                0x0000000008005ab8       0x52 ./Middlewares/Third_Party/FreeRTOS/Source/list.o
                0x0000000008005ab8                uxListRemove
 *fill*         0x0000000008005b0a        0x2 
 .text.xQueueGenericReset
                0x0000000008005b0c       0xd0 ./Middlewares/Third_Party/FreeRTOS/Source/queue.o
                0x0000000008005b0c                xQueueGenericReset
 .text.xQueueGenericCreateStatic
                0x0000000008005bdc       0xee ./Middlewares/Third_Party/FreeRTOS/Source/queue.o
                0x0000000008005bdc                xQueueGenericCreateStatic
 .text.xQueueGenericCreate
                0x0000000008005cca       0x7c ./Middlewares/Third_Party/FreeRTOS/Source/queue.o
                0x0000000008005cca                xQueueGenericCreate
 .text.prvInitialiseNewQueue
                0x0000000008005d46       0x3e ./Middlewares/Third_Party/FreeRTOS/Source/queue.o
 .text.xQueueGenericSend
                0x0000000008005d84      0x1fc ./Middlewares/Third_Party/FreeRTOS/Source/queue.o
                0x0000000008005d84                xQueueGenericSend
 .text.xQueueSemaphoreTake
                0x0000000008005f80      0x218 ./Middlewares/Third_Party/FreeRTOS/Source/queue.o
                0x0000000008005f80                xQueueSemaphoreTake
 .text.prvGetDisinheritPriorityAfterTimeout
                0x0000000008006198       0x2e ./Middlewares/Third_Party/FreeRTOS/Source/queue.o
 .text.prvCopyDataToQueue
                0x00000000080061c6       0xd4 ./Middlewares/Third_Party/FreeRTOS/Source/queue.o
 .text.prvUnlockQueue
                0x000000000800629a       0xa4 ./Middlewares/Third_Party/FreeRTOS/Source/queue.o
 .text.prvIsQueueEmpty
                0x000000000800633e       0x2c ./Middlewares/Third_Party/FreeRTOS/Source/queue.o
 .text.prvIsQueueFull
                0x000000000800636a       0x30 ./Middlewares/Third_Party/FreeRTOS/Source/queue.o
 .text.xTaskCreateStatic
                0x000000000800639a       0xb8 ./Middlewares/Third_Party/FreeRTOS/Source/tasks.o
                0x000000000800639a                xTaskCreateStatic
 .text.xTaskCreate
                0x0000000008006452       0x8a ./Middlewares/Third_Party/FreeRTOS/Source/tasks.o
                0x0000000008006452                xTaskCreate
 .text.prvInitialiseNewTask
                0x00000000080064dc      0x12c ./Middlewares/Third_Party/FreeRTOS/Source/tasks.o
 .text.prvAddNewTaskToReadyList
                0x0000000008006608       0xd4 ./Middlewares/Third_Party/FreeRTOS/Source/tasks.o
 .text.vTaskDelete
                0x00000000080066dc      0x120 ./Middlewares/Third_Party/FreeRTOS/Source/tasks.o
                0x00000000080066dc                vTaskDelete
 .text.vTaskDelay
                0x00000000080067fc       0x68 ./Middlewares/Third_Party/FreeRTOS/Source/tasks.o
                0x00000000080067fc                vTaskDelay
 .text.vTaskStartScheduler
                0x0000000008006864       0xd4 ./Middlewares/Third_Party/FreeRTOS/Source/tasks.o
                0x0000000008006864                vTaskStartScheduler
 .text.vTaskSuspendAll
                0x0000000008006938       0x1c ./Middlewares/Third_Party/FreeRTOS/Source/tasks.o
                0x0000000008006938                vTaskSuspendAll
 .text.xTaskResumeAll
                0x0000000008006954      0x138 ./Middlewares/Third_Party/FreeRTOS/Source/tasks.o
                0x0000000008006954                xTaskResumeAll
 .text.xTaskIncrementTick
                0x0000000008006a8c      0x17c ./Middlewares/Third_Party/FreeRTOS/Source/tasks.o
                0x0000000008006a8c                xTaskIncrementTick
 .text.vTaskSwitchContext
                0x0000000008006c08       0xc4 ./Middlewares/Third_Party/FreeRTOS/Source/tasks.o
                0x0000000008006c08                vTaskSwitchContext
 .text.vTaskPlaceOnEventList
                0x0000000008006ccc       0x48 ./Middlewares/Third_Party/FreeRTOS/Source/tasks.o
                0x0000000008006ccc                vTaskPlaceOnEventList
 .text.vTaskPlaceOnUnorderedEventList
                0x0000000008006d14       0x78 ./Middlewares/Third_Party/FreeRTOS/Source/tasks.o
                0x0000000008006d14                vTaskPlaceOnUnorderedEventList
 .text.xTaskRemoveFromEventList
                0x0000000008006d8c       0xc4 ./Middlewares/Third_Party/FreeRTOS/Source/tasks.o
                0x0000000008006d8c                xTaskRemoveFromEventList
 .text.vTaskRemoveFromUnorderedEventList
                0x0000000008006e50       0xc4 ./Middlewares/Third_Party/FreeRTOS/Source/tasks.o
                0x0000000008006e50                vTaskRemoveFromUnorderedEventList
 .text.vTaskInternalSetTimeOutState
                0x0000000008006f14       0x2c ./Middlewares/Third_Party/FreeRTOS/Source/tasks.o
                0x0000000008006f14                vTaskInternalSetTimeOutState
 .text.xTaskCheckForTimeOut
                0x0000000008006f40       0xc4 ./Middlewares/Third_Party/FreeRTOS/Source/tasks.o
                0x0000000008006f40                xTaskCheckForTimeOut
 .text.vTaskMissedYield
                0x0000000008007004       0x18 ./Middlewares/Third_Party/FreeRTOS/Source/tasks.o
                0x0000000008007004                vTaskMissedYield
 .text.prvIdleTask
                0x000000000800701c       0x30 ./Middlewares/Third_Party/FreeRTOS/Source/tasks.o
 .text.prvInitialiseTaskLists
                0x000000000800704c       0x80 ./Middlewares/Third_Party/FreeRTOS/Source/tasks.o
 .text.prvCheckTasksWaitingTermination
                0x00000000080070cc       0x5c ./Middlewares/Third_Party/FreeRTOS/Source/tasks.o
 .text.prvDeleteTCB
                0x0000000008007128       0x68 ./Middlewares/Third_Party/FreeRTOS/Source/tasks.o
 .text.prvResetNextTaskUnblockTime
                0x0000000008007190       0x48 ./Middlewares/Third_Party/FreeRTOS/Source/tasks.o
 .text.xTaskGetSchedulerState
                0x00000000080071d8       0x3c ./Middlewares/Third_Party/FreeRTOS/Source/tasks.o
                0x00000000080071d8                xTaskGetSchedulerState
 .text.xTaskPriorityInherit
                0x0000000008007214      0x10c ./Middlewares/Third_Party/FreeRTOS/Source/tasks.o
                0x0000000008007214                xTaskPriorityInherit
 .text.xTaskPriorityDisinherit
                0x0000000008007320      0x10c ./Middlewares/Third_Party/FreeRTOS/Source/tasks.o
                0x0000000008007320                xTaskPriorityDisinherit
 .text.vTaskPriorityDisinheritAfterTimeout
                0x000000000800742c      0x140 ./Middlewares/Third_Party/FreeRTOS/Source/tasks.o
                0x000000000800742c                vTaskPriorityDisinheritAfterTimeout
 .text.uxTaskResetEventItemValue
                0x000000000800756c       0x30 ./Middlewares/Third_Party/FreeRTOS/Source/tasks.o
                0x000000000800756c                uxTaskResetEventItemValue
 .text.pvTaskIncrementMutexHeldCount
                0x000000000800759c       0x28 ./Middlewares/Third_Party/FreeRTOS/Source/tasks.o
                0x000000000800759c                pvTaskIncrementMutexHeldCount
 .text.prvAddCurrentTaskToDelayedList
                0x00000000080075c4       0xcc ./Middlewares/Third_Party/FreeRTOS/Source/tasks.o
 .text.pxPortInitialiseStack
                0x0000000008007690       0x58 ./Middlewares/Third_Party/FreeRTOS/Source/portable/GCC/ARM_CM3/port.o
                0x0000000008007690                pxPortInitialiseStack
 .text.prvTaskExitError
                0x00000000080076e8       0x58 ./Middlewares/Third_Party/FreeRTOS/Source/portable/GCC/ARM_CM3/port.o
 .text.SVC_Handler
                0x0000000008007740       0x28 ./Middlewares/Third_Party/FreeRTOS/Source/portable/GCC/ARM_CM3/port.o
                0x0000000008007740                SVC_Handler
 .text.prvPortStartFirstTask
                0x0000000008007768       0x20 ./Middlewares/Third_Party/FreeRTOS/Source/portable/GCC/ARM_CM3/port.o
 .text.xPortStartScheduler
                0x0000000008007788       0xe4 ./Middlewares/Third_Party/FreeRTOS/Source/portable/GCC/ARM_CM3/port.o
                0x0000000008007788                xPortStartScheduler
 .text.vPortEnterCritical
                0x000000000800786c       0x60 ./Middlewares/Third_Party/FreeRTOS/Source/portable/GCC/ARM_CM3/port.o
                0x000000000800786c                vPortEnterCritical
 .text.vPortExitCritical
                0x00000000080078cc       0x50 ./Middlewares/Third_Party/FreeRTOS/Source/portable/GCC/ARM_CM3/port.o
                0x00000000080078cc                vPortExitCritical
 *fill*         0x000000000800791c        0x4 
 .text.PendSV_Handler
                0x0000000008007920       0x48 ./Middlewares/Third_Party/FreeRTOS/Source/portable/GCC/ARM_CM3/port.o
                0x0000000008007920                PendSV_Handler
 .text.xPortSysTickHandler
                0x0000000008007968       0x44 ./Middlewares/Third_Party/FreeRTOS/Source/portable/GCC/ARM_CM3/port.o
                0x0000000008007968                xPortSysTickHandler
 .text.vPortSetupTimerInterrupt
                0x00000000080079ac       0x44 ./Middlewares/Third_Party/FreeRTOS/Source/portable/GCC/ARM_CM3/port.o
                0x00000000080079ac                vPortSetupTimerInterrupt
 .text.pvPortMalloc
                0x00000000080079f0      0x188 ./Middlewares/Third_Party/FreeRTOS/Source/portable/MemMang/heap_4.o
                0x00000000080079f0                pvPortMalloc
 .text.vPortFree
                0x0000000008007b78       0xb4 ./Middlewares/Third_Party/FreeRTOS/Source/portable/MemMang/heap_4.o
                0x0000000008007b78                vPortFree
 .text.prvHeapInit
                0x0000000008007c2c       0xc4 ./Middlewares/Third_Party/FreeRTOS/Source/portable/MemMang/heap_4.o
 .text.prvInsertBlockIntoFreeList
                0x0000000008007cf0       0xb0 ./Middlewares/Third_Party/FreeRTOS/Source/portable/MemMang/heap_4.o
 .text.__libc_init_array
                0x0000000008007da0       0x48 c:/st/stm32cubeide_1.4.0/stm32cubeide/plugins/com.st.stm32cube.ide.mcu.externaltools.gnu-tools-for-stm32.10.3-2021.10.win32_1.0.200.202301161003/tools/bin/../lib/gcc/arm-none-eabi/10.3.1/../../../../arm-none-eabi/lib/thumb/v7-m/nofp\libc_nano.a(lib_a-init.o)
                0x0000000008007da0                __libc_init_array
 .text.__retarget_lock_acquire_recursive
                0x0000000008007de8        0x2 c:/st/stm32cubeide_1.4.0/stm32cubeide/plugins/com.st.stm32cube.ide.mcu.externaltools.gnu-tools-for-stm32.10.3-2021.10.win32_1.0.200.202301161003/tools/bin/../lib/gcc/arm-none-eabi/10.3.1/../../../../arm-none-eabi/lib/thumb/v7-m/nofp\libc_nano.a(lib_a-lock.o)
                0x0000000008007de8                __retarget_lock_acquire_recursive
 .text.__retarget_lock_release_recursive
                0x0000000008007dea        0x2 c:/st/stm32cubeide_1.4.0/stm32cubeide/plugins/com.st.stm32cube.ide.mcu.externaltools.gnu-tools-for-stm32.10.3-2021.10.win32_1.0.200.202301161003/tools/bin/../lib/gcc/arm-none-eabi/10.3.1/../../../../arm-none-eabi/lib/thumb/v7-m/nofp\libc_nano.a(lib_a-lock.o)
                0x0000000008007dea                __retarget_lock_release_recursive
 .text.memcpy   0x0000000008007dec       0x1c c:/st/stm32cubeide_1.4.0/stm32cubeide/plugins/com.st.stm32cube.ide.mcu.externaltools.gnu-tools-for-stm32.10.3-2021.10.win32_1.0.200.202301161003/tools/bin/../lib/gcc/arm-none-eabi/10.3.1/../../../../arm-none-eabi/lib/thumb/v7-m/nofp\libc_nano.a(lib_a-memcpy-stub.o)
                0x0000000008007dec                memcpy
 .text.memset   0x0000000008007e08       0x10 c:/st/stm32cubeide_1.4.0/stm32cubeide/plugins/com.st.stm32cube.ide.mcu.externaltools.gnu-tools-for-stm32.10.3-2021.10.win32_1.0.200.202301161003/tools/bin/../lib/gcc/arm-none-eabi/10.3.1/../../../../arm-none-eabi/lib/thumb/v7-m/nofp\libc_nano.a(lib_a-memset.o)
                0x0000000008007e08                memset
 .text.cleanup_glue
                0x0000000008007e18       0x1a c:/st/stm32cubeide_1.4.0/stm32cubeide/plugins/com.st.stm32cube.ide.mcu.externaltools.gnu-tools-for-stm32.10.3-2021.10.win32_1.0.200.202301161003/tools/bin/../lib/gcc/arm-none-eabi/10.3.1/../../../../arm-none-eabi/lib/thumb/v7-m/nofp\libc_nano.a(lib_a-reent.o)
                0x0000000008007e18                cleanup_glue
 *fill*         0x0000000008007e32        0x2 
 .text._reclaim_reent
                0x0000000008007e34       0xb8 c:/st/stm32cubeide_1.4.0/stm32cubeide/plugins/com.st.stm32cube.ide.mcu.externaltools.gnu-tools-for-stm32.10.3-2021.10.win32_1.0.200.202301161003/tools/bin/../lib/gcc/arm-none-eabi/10.3.1/../../../../arm-none-eabi/lib/thumb/v7-m/nofp\libc_nano.a(lib_a-reent.o)
                0x0000000008007e34                _reclaim_reent
 .text.__malloc_lock
                0x0000000008007eec        0xc c:/st/stm32cubeide_1.4.0/stm32cubeide/plugins/com.st.stm32cube.ide.mcu.externaltools.gnu-tools-for-stm32.10.3-2021.10.win32_1.0.200.202301161003/tools/bin/../lib/gcc/arm-none-eabi/10.3.1/../../../../arm-none-eabi/lib/thumb/v7-m/nofp\libc_nano.a(lib_a-mlock.o)
                0x0000000008007eec                __malloc_lock
 .text.__malloc_unlock
                0x0000000008007ef8        0xc c:/st/stm32cubeide_1.4.0/stm32cubeide/plugins/com.st.stm32cube.ide.mcu.externaltools.gnu-tools-for-stm32.10.3-2021.10.win32_1.0.200.202301161003/tools/bin/../lib/gcc/arm-none-eabi/10.3.1/../../../../arm-none-eabi/lib/thumb/v7-m/nofp\libc_nano.a(lib_a-mlock.o)
                0x0000000008007ef8                __malloc_unlock
 .text._free_r  0x0000000008007f04       0x90 c:/st/stm32cubeide_1.4.0/stm32cubeide/plugins/com.st.stm32cube.ide.mcu.externaltools.gnu-tools-for-stm32.10.3-2021.10.win32_1.0.200.202301161003/tools/bin/../lib/gcc/arm-none-eabi/10.3.1/../../../../arm-none-eabi/lib/thumb/v7-m/nofp\libc_nano.a(lib_a-nano-freer.o)
                0x0000000008007f04                _free_r
 *(.glue_7)
 .glue_7        0x0000000008007f94        0x0 linker stubs
 *(.glue_7t)
 .glue_7t       0x0000000008007f94        0x0 linker stubs
 *(.eh_frame)
 .eh_frame      0x0000000008007f94        0x0 c:/st/stm32cubeide_1.4.0/stm32cubeide/plugins/com.st.stm32cube.ide.mcu.externaltools.gnu-tools-for-stm32.10.3-2021.10.win32_1.0.200.202301161003/tools/bin/../lib/gcc/arm-none-eabi/10.3.1/thumb/v7-m/nofp/crtbegin.o
 *(.init)
 .init          0x0000000008007f94        0x4 c:/st/stm32cubeide_1.4.0/stm32cubeide/plugins/com.st.stm32cube.ide.mcu.externaltools.gnu-tools-for-stm32.10.3-2021.10.win32_1.0.200.202301161003/tools/bin/../lib/gcc/arm-none-eabi/10.3.1/thumb/v7-m/nofp/crti.o
                0x0000000008007f94                _init
 .init          0x0000000008007f98        0x8 c:/st/stm32cubeide_1.4.0/stm32cubeide/plugins/com.st.stm32cube.ide.mcu.externaltools.gnu-tools-for-stm32.10.3-2021.10.win32_1.0.200.202301161003/tools/bin/../lib/gcc/arm-none-eabi/10.3.1/thumb/v7-m/nofp/crtn.o
 *(.fini)
 .fini          0x0000000008007fa0        0x4 c:/st/stm32cubeide_1.4.0/stm32cubeide/plugins/com.st.stm32cube.ide.mcu.externaltools.gnu-tools-for-stm32.10.3-2021.10.win32_1.0.200.202301161003/tools/bin/../lib/gcc/arm-none-eabi/10.3.1/thumb/v7-m/nofp/crti.o
                0x0000000008007fa0                _fini
 .fini          0x0000000008007fa4        0x8 c:/st/stm32cubeide_1.4.0/stm32cubeide/plugins/com.st.stm32cube.ide.mcu.externaltools.gnu-tools-for-stm32.10.3-2021.10.win32_1.0.200.202301161003/tools/bin/../lib/gcc/arm-none-eabi/10.3.1/thumb/v7-m/nofp/crtn.o
                0x0000000008007fac                . = ALIGN (0x4)
                0x0000000008007fac                _etext = .

.vfp11_veneer   0x0000000008007fac        0x0
 .vfp11_veneer  0x0000000008007fac        0x0 linker stubs

.v4_bx          0x0000000008007fac        0x0
 .v4_bx         0x0000000008007fac        0x0 linker stubs

.iplt           0x0000000008007fac        0x0
 .iplt          0x0000000008007fac        0x0 c:/st/stm32cubeide_1.4.0/stm32cubeide/plugins/com.st.stm32cube.ide.mcu.externaltools.gnu-tools-for-stm32.10.3-2021.10.win32_1.0.200.202301161003/tools/bin/../lib/gcc/arm-none-eabi/10.3.1/thumb/v7-m/nofp/crtbegin.o

.rodata         0x0000000008007fac      0x138
                0x0000000008007fac                . = ALIGN (0x4)
 *(.rodata)
 .rodata        0x0000000008007fac       0xa4 ./Core/Src/main.o
 .rodata        0x0000000008008050        0x5 ./Middlewares/Third_Party/FreeRTOS/Source/tasks.o
 *(.rodata*)
 *fill*         0x0000000008008055        0x3 
 .rodata.AHBPrescTable
                0x0000000008008058       0x10 ./Core/Src/system_stm32f1xx.o
                0x0000000008008058                AHBPrescTable
 .rodata.APBPrescTable
                0x0000000008008068        0x8 ./Core/Src/system_stm32f1xx.o
                0x0000000008008068                APBPrescTable
 .rodata.aPLLMULFactorTable.1
                0x0000000008008070       0x10 ./Drivers/STM32F1xx_HAL_Driver/Src/stm32f1xx_hal_rcc.o
 .rodata.aPredivFactorTable.0
                0x0000000008008080        0x2 ./Drivers/STM32F1xx_HAL_Driver/Src/stm32f1xx_hal_rcc.o
 *fill*         0x0000000008008082        0x2 
 .rodata.__sf_fake_stderr
                0x0000000008008084       0x20 c:/st/stm32cubeide_1.4.0/stm32cubeide/plugins/com.st.stm32cube.ide.mcu.externaltools.gnu-tools-for-stm32.10.3-2021.10.win32_1.0.200.202301161003/tools/bin/../lib/gcc/arm-none-eabi/10.3.1/../../../../arm-none-eabi/lib/thumb/v7-m/nofp\libc_nano.a(lib_a-findfp.o)
                0x0000000008008084                __sf_fake_stderr
 .rodata.__sf_fake_stdin
                0x00000000080080a4       0x20 c:/st/stm32cubeide_1.4.0/stm32cubeide/plugins/com.st.stm32cube.ide.mcu.externaltools.gnu-tools-for-stm32.10.3-2021.10.win32_1.0.200.202301161003/tools/bin/../lib/gcc/arm-none-eabi/10.3.1/../../../../arm-none-eabi/lib/thumb/v7-m/nofp\libc_nano.a(lib_a-findfp.o)
                0x00000000080080a4                __sf_fake_stdin
 .rodata.__sf_fake_stdout
                0x00000000080080c4       0x20 c:/st/stm32cubeide_1.4.0/stm32cubeide/plugins/com.st.stm32cube.ide.mcu.externaltools.gnu-tools-for-stm32.10.3-2021.10.win32_1.0.200.202301161003/tools/bin/../lib/gcc/arm-none-eabi/10.3.1/../../../../arm-none-eabi/lib/thumb/v7-m/nofp\libc_nano.a(lib_a-findfp.o)
                0x00000000080080c4                __sf_fake_stdout
                0x00000000080080e4                . = ALIGN (0x4)

.rel.dyn        0x00000000080080e4        0x0
 .rel.iplt      0x00000000080080e4        0x0 c:/st/stm32cubeide_1.4.0/stm32cubeide/plugins/com.st.stm32cube.ide.mcu.externaltools.gnu-tools-for-stm32.10.3-2021.10.win32_1.0.200.202301161003/tools/bin/../lib/gcc/arm-none-eabi/10.3.1/thumb/v7-m/nofp/crtbegin.o

.ARM.extab      0x00000000080080e4        0x0
                0x00000000080080e4                . = ALIGN (0x4)
 *(.ARM.extab* .gnu.linkonce.armextab.*)
                0x00000000080080e4                . = ALIGN (0x4)

.ARM            0x00000000080080e4        0x0
                0x00000000080080e4                . = ALIGN (0x4)
                0x00000000080080e4                __exidx_start = .
 *(.ARM.exidx*)
                0x00000000080080e4                __exidx_end = .
                0x00000000080080e4                . = ALIGN (0x4)

.preinit_array  0x00000000080080e4        0x0
                0x00000000080080e4                . = ALIGN (0x4)
                0x00000000080080e4                PROVIDE (__preinit_array_start = .)
 *(.preinit_array*)
                0x00000000080080e4                PROVIDE (__preinit_array_end = .)
                0x00000000080080e4                . = ALIGN (0x4)

.init_array     0x00000000080080e4        0x4
                0x00000000080080e4                . = ALIGN (0x4)
                0x00000000080080e4                PROVIDE (__init_array_start = .)
 *(SORT_BY_NAME(.init_array.*))
 *(.init_array*)
 .init_array    0x00000000080080e4        0x4 c:/st/stm32cubeide_1.4.0/stm32cubeide/plugins/com.st.stm32cube.ide.mcu.externaltools.gnu-tools-for-stm32.10.3-2021.10.win32_1.0.200.202301161003/tools/bin/../lib/gcc/arm-none-eabi/10.3.1/thumb/v7-m/nofp/crtbegin.o
                0x00000000080080e8                PROVIDE (__init_array_end = .)
                0x00000000080080e8                . = ALIGN (0x4)

.fini_array     0x00000000080080e8        0x4
                0x00000000080080e8                . = ALIGN (0x4)
                [!provide]                        PROVIDE (__fini_array_start = .)
 *(SORT_BY_NAME(.fini_array.*))
 *(.fini_array*)
 .fini_array    0x00000000080080e8        0x4 c:/st/stm32cubeide_1.4.0/stm32cubeide/plugins/com.st.stm32cube.ide.mcu.externaltools.gnu-tools-for-stm32.10.3-2021.10.win32_1.0.200.202301161003/tools/bin/../lib/gcc/arm-none-eabi/10.3.1/thumb/v7-m/nofp/crtbegin.o
                [!provide]                        PROVIDE (__fini_array_end = .)
                0x00000000080080ec                . = ALIGN (0x4)
                0x00000000080080ec                _sidata = LOADADDR (.data)

.data           0x0000000020000000       0xa0 load address 0x00000000080080ec
                0x0000000020000000                . = ALIGN (0x4)
                0x0000000020000000                _sdata = .
 *(.data)
 *(.data*)
 .data.l298l    0x0000000020000000       0x28 ./Core/Src/main.o
                0x0000000020000000                l298l
 .data.car      0x0000000020000028        0x4 ./Core/Src/main.o
                0x0000000020000028                car
 .data.SystemCoreClock
                0x000000002000002c        0x4 ./Core/Src/system_stm32f1xx.o
                0x000000002000002c                SystemCoreClock
 .data.uwTickPrio
                0x0000000020000030        0x4 ./Drivers/STM32F1xx_HAL_Driver/Src/stm32f1xx_hal.o
                0x0000000020000030                uwTickPrio
 .data.uwTickFreq
                0x0000000020000034        0x1 ./Drivers/STM32F1xx_HAL_Driver/Src/stm32f1xx_hal.o
                0x0000000020000034                uwTickFreq
 *fill*         0x0000000020000035        0x3 
 .data.uxCriticalNesting
                0x0000000020000038        0x4 ./Middlewares/Third_Party/FreeRTOS/Source/portable/GCC/ARM_CM3/port.o
 .data._impure_ptr
                0x000000002000003c        0x4 c:/st/stm32cubeide_1.4.0/stm32cubeide/plugins/com.st.stm32cube.ide.mcu.externaltools.gnu-tools-for-stm32.10.3-2021.10.win32_1.0.200.202301161003/tools/bin/../lib/gcc/arm-none-eabi/10.3.1/../../../../arm-none-eabi/lib/thumb/v7-m/nofp\libc_nano.a(lib_a-impure.o)
                0x000000002000003c                _impure_ptr
 .data.impure_data
                0x0000000020000040       0x60 c:/st/stm32cubeide_1.4.0/stm32cubeide/plugins/com.st.stm32cube.ide.mcu.externaltools.gnu-tools-for-stm32.10.3-2021.10.win32_1.0.200.202301161003/tools/bin/../lib/gcc/arm-none-eabi/10.3.1/../../../../arm-none-eabi/lib/thumb/v7-m/nofp\libc_nano.a(lib_a-impure.o)
                0x00000000200000a0                . = ALIGN (0x4)
                0x00000000200000a0                _edata = .

.igot.plt       0x00000000200000a0        0x0 load address 0x000000000800818c
 .igot.plt      0x00000000200000a0        0x0 c:/st/stm32cubeide_1.4.0/stm32cubeide/plugins/com.st.stm32cube.ide.mcu.externaltools.gnu-tools-for-stm32.10.3-2021.10.win32_1.0.200.202301161003/tools/bin/../lib/gcc/arm-none-eabi/10.3.1/thumb/v7-m/nofp/crtbegin.o
                0x00000000200000a0                . = ALIGN (0x4)

.bss            0x00000000200000a0     0x11b8 load address 0x000000000800818c
                0x00000000200000a0                _sbss = .
                0x00000000200000a0                __bss_start__ = _sbss
 *(.bss)
 .bss           0x00000000200000a0       0x1c c:/st/stm32cubeide_1.4.0/stm32cubeide/plugins/com.st.stm32cube.ide.mcu.externaltools.gnu-tools-for-stm32.10.3-2021.10.win32_1.0.200.202301161003/tools/bin/../lib/gcc/arm-none-eabi/10.3.1/thumb/v7-m/nofp/crtbegin.o
 *(.bss*)
 .bss.xIdleTaskTCBBuffer
                0x00000000200000bc       0xb4 ./Core/Src/freertos.o
 .bss.xIdleStack
                0x0000000020000170      0x200 ./Core/Src/freertos.o
 .bss.hadc2     0x0000000020000370       0x30 ./Core/Src/main.o
                0x0000000020000370                hadc2
 .bss.htim1     0x00000000200003a0       0x48 ./Core/Src/main.o
                0x00000000200003a0                htim1
 .bss.htim2     0x00000000200003e8       0x48 ./Core/Src/main.o
                0x00000000200003e8                htim2
 .bss.htim3     0x0000000020000430       0x48 ./Core/Src/main.o
                0x0000000020000430                htim3
 .bss.huart1    0x0000000020000478       0x48 ./Core/Src/main.o
                0x0000000020000478                huart1
 .bss.huart2    0x00000000200004c0       0x48 ./Core/Src/main.o
                0x00000000200004c0                huart2
 .bss.Move_TaskHandle
                0x0000000020000508        0x4 ./Core/Src/main.o
                0x0000000020000508                Move_TaskHandle
 .bss.Temp_TaskHandle
                0x000000002000050c        0x4 ./Core/Src/main.o
                0x000000002000050c                Temp_TaskHandle
 .bss.Ultra_TaskHandle
                0x0000000020000510        0x4 ./Core/Src/main.o
                0x0000000020000510                Ultra_TaskHandle
 .bss.Confirm_TaskHandle
                0x0000000020000514        0x4 ./Core/Src/main.o
                0x0000000020000514                Confirm_TaskHandle
 .bss.myBinarySem01Handle
                0x0000000020000518        0x4 ./Core/Src/main.o
                0x0000000020000518                myBinarySem01Handle
 .bss.myEventGroupHandle
                0x000000002000051c        0x4 ./Core/Src/main.o
                0x000000002000051c                myEventGroupHandle
 .bss.conf      0x0000000020000520        0x1 ./Core/Src/main.o
                0x0000000020000520                conf
 .bss.mov       0x0000000020000521        0x1 ./Core/Src/main.o
                0x0000000020000521                mov
 *fill*         0x0000000020000522        0x2 
 .bss.temperature
                0x0000000020000524        0x4 ./Core/Src/main.o
                0x0000000020000524                temperature
 .bss.IC_Val1   0x0000000020000528        0x4 ./Core/Src/main.o
                0x0000000020000528                IC_Val1
 .bss.IC_Val2   0x000000002000052c        0x4 ./Core/Src/main.o
                0x000000002000052c                IC_Val2
 .bss.Difference
                0x0000000020000530        0x4 ./Core/Src/main.o
                0x0000000020000530                Difference
 .bss.Is_First_Captured
                0x0000000020000534        0x1 ./Core/Src/main.o
                0x0000000020000534                Is_First_Captured
 *fill*         0x0000000020000535        0x3 
 .bss.distance  0x0000000020000538        0x4 ./Core/Src/main.o
                0x0000000020000538                distance
 .bss.uwTick    0x000000002000053c        0x4 ./Drivers/STM32F1xx_HAL_Driver/Src/stm32f1xx_hal.o
                0x000000002000053c                uwTick
 .bss.pxCurrentTCB
                0x0000000020000540        0x4 ./Middlewares/Third_Party/FreeRTOS/Source/tasks.o
                0x0000000020000540                pxCurrentTCB
 .bss.pxReadyTasksLists
                0x0000000020000544       0x50 ./Middlewares/Third_Party/FreeRTOS/Source/tasks.o
 .bss.xDelayedTaskList1
                0x0000000020000594       0x14 ./Middlewares/Third_Party/FreeRTOS/Source/tasks.o
 .bss.xDelayedTaskList2
                0x00000000200005a8       0x14 ./Middlewares/Third_Party/FreeRTOS/Source/tasks.o
 .bss.pxDelayedTaskList
                0x00000000200005bc        0x4 ./Middlewares/Third_Party/FreeRTOS/Source/tasks.o
 .bss.pxOverflowDelayedTaskList
                0x00000000200005c0        0x4 ./Middlewares/Third_Party/FreeRTOS/Source/tasks.o
 .bss.xPendingReadyList
                0x00000000200005c4       0x14 ./Middlewares/Third_Party/FreeRTOS/Source/tasks.o
 .bss.xTasksWaitingTermination
                0x00000000200005d8       0x14 ./Middlewares/Third_Party/FreeRTOS/Source/tasks.o
 .bss.uxDeletedTasksWaitingCleanUp
                0x00000000200005ec        0x4 ./Middlewares/Third_Party/FreeRTOS/Source/tasks.o
 .bss.xSuspendedTaskList
                0x00000000200005f0       0x14 ./Middlewares/Third_Party/FreeRTOS/Source/tasks.o
 .bss.uxCurrentNumberOfTasks
                0x0000000020000604        0x4 ./Middlewares/Third_Party/FreeRTOS/Source/tasks.o
 .bss.xTickCount
                0x0000000020000608        0x4 ./Middlewares/Third_Party/FreeRTOS/Source/tasks.o
 .bss.uxTopReadyPriority
                0x000000002000060c        0x4 ./Middlewares/Third_Party/FreeRTOS/Source/tasks.o
 .bss.xSchedulerRunning
                0x0000000020000610        0x4 ./Middlewares/Third_Party/FreeRTOS/Source/tasks.o
 .bss.uxPendedTicks
                0x0000000020000614        0x4 ./Middlewares/Third_Party/FreeRTOS/Source/tasks.o
 .bss.xYieldPending
                0x0000000020000618        0x4 ./Middlewares/Third_Party/FreeRTOS/Source/tasks.o
 .bss.xNumOfOverflows
                0x000000002000061c        0x4 ./Middlewares/Third_Party/FreeRTOS/Source/tasks.o
 .bss.uxTaskNumber
                0x0000000020000620        0x4 ./Middlewares/Third_Party/FreeRTOS/Source/tasks.o
 .bss.xNextTaskUnblockTime
                0x0000000020000624        0x4 ./Middlewares/Third_Party/FreeRTOS/Source/tasks.o
 .bss.xIdleTaskHandle
                0x0000000020000628        0x4 ./Middlewares/Third_Party/FreeRTOS/Source/tasks.o
 .bss.uxSchedulerSuspended
                0x000000002000062c        0x4 ./Middlewares/Third_Party/FreeRTOS/Source/tasks.o
 .bss.ucMaxSysCallPriority
                0x0000000020000630        0x1 ./Middlewares/Third_Party/FreeRTOS/Source/portable/GCC/ARM_CM3/port.o
 *fill*         0x0000000020000631        0x3 
 .bss.ulMaxPRIGROUPValue
                0x0000000020000634        0x4 ./Middlewares/Third_Party/FreeRTOS/Source/portable/GCC/ARM_CM3/port.o
 .bss.ucHeap    0x0000000020000638      0xc00 ./Middlewares/Third_Party/FreeRTOS/Source/portable/MemMang/heap_4.o
 .bss.xStart    0x0000000020001238        0x8 ./Middlewares/Third_Party/FreeRTOS/Source/portable/MemMang/heap_4.o
 .bss.pxEnd     0x0000000020001240        0x4 ./Middlewares/Third_Party/FreeRTOS/Source/portable/MemMang/heap_4.o
 .bss.xFreeBytesRemaining
                0x0000000020001244        0x4 ./Middlewares/Third_Party/FreeRTOS/Source/portable/MemMang/heap_4.o
 .bss.xMinimumEverFreeBytesRemaining
                0x0000000020001248        0x4 ./Middlewares/Third_Party/FreeRTOS/Source/portable/MemMang/heap_4.o
 .bss.xBlockAllocatedBit
                0x000000002000124c        0x4 ./Middlewares/Third_Party/FreeRTOS/Source/portable/MemMang/heap_4.o
 .bss.__lock___malloc_recursive_mutex
                0x0000000020001250        0x1 c:/st/stm32cubeide_1.4.0/stm32cubeide/plugins/com.st.stm32cube.ide.mcu.externaltools.gnu-tools-for-stm32.10.3-2021.10.win32_1.0.200.202301161003/tools/bin/../lib/gcc/arm-none-eabi/10.3.1/../../../../arm-none-eabi/lib/thumb/v7-m/nofp\libc_nano.a(lib_a-lock.o)
                0x0000000020001250                __lock___malloc_recursive_mutex
 *fill*         0x0000000020001251        0x3 
 .bss.__malloc_free_list
                0x0000000020001254        0x4 c:/st/stm32cubeide_1.4.0/stm32cubeide/plugins/com.st.stm32cube.ide.mcu.externaltools.gnu-tools-for-stm32.10.3-2021.10.win32_1.0.200.202301161003/tools/bin/../lib/gcc/arm-none-eabi/10.3.1/../../../../arm-none-eabi/lib/thumb/v7-m/nofp\libc_nano.a(lib_a-nano-mallocr.o)
                0x0000000020001254                __malloc_free_list
 *(COMMON)
                0x0000000020001258                . = ALIGN (0x4)
                0x0000000020001258                _ebss = .
                0x0000000020001258                __bss_end__ = _ebss

._user_heap_stack
                0x0000000020001258      0x600 load address 0x000000000800818c
                0x0000000020001258                . = ALIGN (0x8)
                [!provide]                        PROVIDE (end = .)
                0x0000000020001258                PROVIDE (_end = .)
                0x0000000020001458                . = (. + _Min_Heap_Size)
 *fill*         0x0000000020001258      0x200 
                0x0000000020001858                . = (. + _Min_Stack_Size)
 *fill*         0x0000000020001458      0x400 
                0x0000000020001858                . = ALIGN (0x8)

/DISCARD/
 libc.a(*)
 libm.a(*)
 libgcc.a(*)

.ARM.attributes
                0x0000000000000000       0x29
 *(.ARM.attributes)
 .ARM.attributes
                0x0000000000000000       0x1d c:/st/stm32cubeide_1.4.0/stm32cubeide/plugins/com.st.stm32cube.ide.mcu.externaltools.gnu-tools-for-stm32.10.3-2021.10.win32_1.0.200.202301161003/tools/bin/../lib/gcc/arm-none-eabi/10.3.1/thumb/v7-m/nofp/crti.o
 .ARM.attributes
                0x000000000000001d       0x2d c:/st/stm32cubeide_1.4.0/stm32cubeide/plugins/com.st.stm32cube.ide.mcu.externaltools.gnu-tools-for-stm32.10.3-2021.10.win32_1.0.200.202301161003/tools/bin/../lib/gcc/arm-none-eabi/10.3.1/thumb/v7-m/nofp/crtbegin.o
 .ARM.attributes
                0x000000000000004a       0x2d ./Core/Src/CAR.o
 .ARM.attributes
                0x0000000000000077       0x2d ./Core/Src/L298N.o
 .ARM.attributes
                0x00000000000000a4       0x2d ./Core/Src/freertos.o
 .ARM.attributes
                0x00000000000000d1       0x2d ./Core/Src/main.o
 .ARM.attributes
                0x00000000000000fe       0x2d ./Core/Src/stm32f1xx_hal_msp.o
 .ARM.attributes
                0x000000000000012b       0x2d ./Core/Src/stm32f1xx_it.o
 .ARM.attributes
                0x0000000000000158       0x2d ./Core/Src/system_stm32f1xx.o
 .ARM.attributes
                0x0000000000000185       0x21 ./Core/Startup/startup_stm32f103c8tx.o
 .ARM.attributes
                0x00000000000001a6       0x2d ./Drivers/STM32F1xx_HAL_Driver/Src/stm32f1xx_hal.o
 .ARM.attributes
                0x00000000000001d3       0x2d ./Drivers/STM32F1xx_HAL_Driver/Src/stm32f1xx_hal_adc.o
 .ARM.attributes
                0x0000000000000200       0x2d ./Drivers/STM32F1xx_HAL_Driver/Src/stm32f1xx_hal_adc_ex.o
 .ARM.attributes
                0x000000000000022d       0x2d ./Drivers/STM32F1xx_HAL_Driver/Src/stm32f1xx_hal_cortex.o
 .ARM.attributes
                0x000000000000025a       0x2d ./Drivers/STM32F1xx_HAL_Driver/Src/stm32f1xx_hal_dma.o
 .ARM.attributes
                0x0000000000000287       0x2d ./Drivers/STM32F1xx_HAL_Driver/Src/stm32f1xx_hal_gpio.o
 .ARM.attributes
                0x00000000000002b4       0x2d ./Drivers/STM32F1xx_HAL_Driver/Src/stm32f1xx_hal_pwr.o
 .ARM.attributes
                0x00000000000002e1       0x2d ./Drivers/STM32F1xx_HAL_Driver/Src/stm32f1xx_hal_rcc.o
 .ARM.attributes
                0x000000000000030e       0x2d ./Drivers/STM32F1xx_HAL_Driver/Src/stm32f1xx_hal_rcc_ex.o
 .ARM.attributes
                0x000000000000033b       0x2d ./Drivers/STM32F1xx_HAL_Driver/Src/stm32f1xx_hal_tim.o
 .ARM.attributes
                0x0000000000000368       0x2d ./Drivers/STM32F1xx_HAL_Driver/Src/stm32f1xx_hal_tim_ex.o
 .ARM.attributes
                0x0000000000000395       0x2d ./Drivers/STM32F1xx_HAL_Driver/Src/stm32f1xx_hal_uart.o
 .ARM.attributes
                0x00000000000003c2       0x2d ./Middlewares/Third_Party/FreeRTOS/Source/CMSIS_RTOS/cmsis_os.o
 .ARM.attributes
                0x00000000000003ef       0x2d ./Middlewares/Third_Party/FreeRTOS/Source/event_groups.o
 .ARM.attributes
                0x000000000000041c       0x2d ./Middlewares/Third_Party/FreeRTOS/Source/list.o
 .ARM.attributes
                0x0000000000000449       0x2d ./Middlewares/Third_Party/FreeRTOS/Source/queue.o
 .ARM.attributes
                0x0000000000000476       0x2d ./Middlewares/Third_Party/FreeRTOS/Source/tasks.o
 .ARM.attributes
                0x00000000000004a3       0x2d ./Middlewares/Third_Party/FreeRTOS/Source/portable/GCC/ARM_CM3/port.o
 .ARM.attributes
                0x00000000000004d0       0x2d ./Middlewares/Third_Party/FreeRTOS/Source/portable/MemMang/heap_4.o
 .ARM.attributes
                0x00000000000004fd       0x2d c:/st/stm32cubeide_1.4.0/stm32cubeide/plugins/com.st.stm32cube.ide.mcu.externaltools.gnu-tools-for-stm32.10.3-2021.10.win32_1.0.200.202301161003/tools/bin/../lib/gcc/arm-none-eabi/10.3.1/../../../../arm-none-eabi/lib/thumb/v7-m/nofp\libc_nano.a(lib_a-findfp.o)
 .ARM.attributes
                0x000000000000052a       0x2d c:/st/stm32cubeide_1.4.0/stm32cubeide/plugins/com.st.stm32cube.ide.mcu.externaltools.gnu-tools-for-stm32.10.3-2021.10.win32_1.0.200.202301161003/tools/bin/../lib/gcc/arm-none-eabi/10.3.1/../../../../arm-none-eabi/lib/thumb/v7-m/nofp\libc_nano.a(lib_a-impure.o)
 .ARM.attributes
                0x0000000000000557       0x2d c:/st/stm32cubeide_1.4.0/stm32cubeide/plugins/com.st.stm32cube.ide.mcu.externaltools.gnu-tools-for-stm32.10.3-2021.10.win32_1.0.200.202301161003/tools/bin/../lib/gcc/arm-none-eabi/10.3.1/../../../../arm-none-eabi/lib/thumb/v7-m/nofp\libc_nano.a(lib_a-init.o)
 .ARM.attributes
                0x0000000000000584       0x2d c:/st/stm32cubeide_1.4.0/stm32cubeide/plugins/com.st.stm32cube.ide.mcu.externaltools.gnu-tools-for-stm32.10.3-2021.10.win32_1.0.200.202301161003/tools/bin/../lib/gcc/arm-none-eabi/10.3.1/../../../../arm-none-eabi/lib/thumb/v7-m/nofp\libc_nano.a(lib_a-lock.o)
 .ARM.attributes
                0x00000000000005b1       0x2d c:/st/stm32cubeide_1.4.0/stm32cubeide/plugins/com.st.stm32cube.ide.mcu.externaltools.gnu-tools-for-stm32.10.3-2021.10.win32_1.0.200.202301161003/tools/bin/../lib/gcc/arm-none-eabi/10.3.1/../../../../arm-none-eabi/lib/thumb/v7-m/nofp\libc_nano.a(lib_a-memcpy-stub.o)
 .ARM.attributes
                0x00000000000005de       0x2d c:/st/stm32cubeide_1.4.0/stm32cubeide/plugins/com.st.stm32cube.ide.mcu.externaltools.gnu-tools-for-stm32.10.3-2021.10.win32_1.0.200.202301161003/tools/bin/../lib/gcc/arm-none-eabi/10.3.1/../../../../arm-none-eabi/lib/thumb/v7-m/nofp\libc_nano.a(lib_a-memset.o)
 .ARM.attributes
                0x000000000000060b       0x2d c:/st/stm32cubeide_1.4.0/stm32cubeide/plugins/com.st.stm32cube.ide.mcu.externaltools.gnu-tools-for-stm32.10.3-2021.10.win32_1.0.200.202301161003/tools/bin/../lib/gcc/arm-none-eabi/10.3.1/../../../../arm-none-eabi/lib/thumb/v7-m/nofp\libc_nano.a(lib_a-nano-mallocr.o)
 .ARM.attributes
                0x0000000000000638       0x2d c:/st/stm32cubeide_1.4.0/stm32cubeide/plugins/com.st.stm32cube.ide.mcu.externaltools.gnu-tools-for-stm32.10.3-2021.10.win32_1.0.200.202301161003/tools/bin/../lib/gcc/arm-none-eabi/10.3.1/../../../../arm-none-eabi/lib/thumb/v7-m/nofp\libc_nano.a(lib_a-reent.o)
 .ARM.attributes
                0x0000000000000665       0x2d c:/st/stm32cubeide_1.4.0/stm32cubeide/plugins/com.st.stm32cube.ide.mcu.externaltools.gnu-tools-for-stm32.10.3-2021.10.win32_1.0.200.202301161003/tools/bin/../lib/gcc/arm-none-eabi/10.3.1/../../../../arm-none-eabi/lib/thumb/v7-m/nofp\libc_nano.a(lib_a-mlock.o)
 .ARM.attributes
                0x0000000000000692       0x2d c:/st/stm32cubeide_1.4.0/stm32cubeide/plugins/com.st.stm32cube.ide.mcu.externaltools.gnu-tools-for-stm32.10.3-2021.10.win32_1.0.200.202301161003/tools/bin/../lib/gcc/arm-none-eabi/10.3.1/../../../../arm-none-eabi/lib/thumb/v7-m/nofp\libc_nano.a(lib_a-nano-freer.o)
 .ARM.attributes
                0x00000000000006bf       0x1d c:/st/stm32cubeide_1.4.0/stm32cubeide/plugins/com.st.stm32cube.ide.mcu.externaltools.gnu-tools-for-stm32.10.3-2021.10.win32_1.0.200.202301161003/tools/bin/../lib/gcc/arm-none-eabi/10.3.1/thumb/v7-m/nofp\libgcc.a(_arm_addsubdf3.o)
 .ARM.attributes
                0x00000000000006dc       0x1d c:/st/stm32cubeide_1.4.0/stm32cubeide/plugins/com.st.stm32cube.ide.mcu.externaltools.gnu-tools-for-stm32.10.3-2021.10.win32_1.0.200.202301161003/tools/bin/../lib/gcc/arm-none-eabi/10.3.1/thumb/v7-m/nofp\libgcc.a(_arm_muldivdf3.o)
 .ARM.attributes
                0x00000000000006f9       0x1d c:/st/stm32cubeide_1.4.0/stm32cubeide/plugins/com.st.stm32cube.ide.mcu.externaltools.gnu-tools-for-stm32.10.3-2021.10.win32_1.0.200.202301161003/tools/bin/../lib/gcc/arm-none-eabi/10.3.1/thumb/v7-m/nofp\libgcc.a(_arm_truncdfsf2.o)
 .ARM.attributes
                0x0000000000000716       0x1d c:/st/stm32cubeide_1.4.0/stm32cubeide/plugins/com.st.stm32cube.ide.mcu.externaltools.gnu-tools-for-stm32.10.3-2021.10.win32_1.0.200.202301161003/tools/bin/../lib/gcc/arm-none-eabi/10.3.1/thumb/v7-m/nofp\libgcc.a(_arm_cmpsf2.o)
 .ARM.attributes
                0x0000000000000733       0x1d c:/st/stm32cubeide_1.4.0/stm32cubeide/plugins/com.st.stm32cube.ide.mcu.externaltools.gnu-tools-for-stm32.10.3-2021.10.win32_1.0.200.202301161003/tools/bin/../lib/gcc/arm-none-eabi/10.3.1/thumb/v7-m/nofp/crtn.o
OUTPUT(GR_Proj.elf elf32-littlearm)
LOAD linker stubs
LOAD c:/st/stm32cubeide_1.4.0/stm32cubeide/plugins/com.st.stm32cube.ide.mcu.externaltools.gnu-tools-for-stm32.10.3-2021.10.win32_1.0.200.202301161003/tools/bin/../lib/gcc/arm-none-eabi/10.3.1/../../../../arm-none-eabi/lib/thumb/v7-m/nofp\libc.a
LOAD c:/st/stm32cubeide_1.4.0/stm32cubeide/plugins/com.st.stm32cube.ide.mcu.externaltools.gnu-tools-for-stm32.10.3-2021.10.win32_1.0.200.202301161003/tools/bin/../lib/gcc/arm-none-eabi/10.3.1/../../../../arm-none-eabi/lib/thumb/v7-m/nofp\libm.a
LOAD c:/st/stm32cubeide_1.4.0/stm32cubeide/plugins/com.st.stm32cube.ide.mcu.externaltools.gnu-tools-for-stm32.10.3-2021.10.win32_1.0.200.202301161003/tools/bin/../lib/gcc/arm-none-eabi/10.3.1/thumb/v7-m/nofp\libgcc.a

.debug_info     0x0000000000000000    0x196ba
 .debug_info    0x0000000000000000      0x965 ./Core/Src/CAR.o
 .debug_info    0x0000000000000965      0x95d ./Core/Src/L298N.o
 .debug_info    0x00000000000012c2      0x9b6 ./Core/Src/freertos.o
 .debug_info    0x0000000000001c78     0x25a9 ./Core/Src/main.o
 .debug_info    0x0000000000004221     0x11e3 ./Core/Src/stm32f1xx_hal_msp.o
 .debug_info    0x0000000000005404      0xc5c ./Core/Src/stm32f1xx_it.o
 .debug_info    0x0000000000006060      0x23d ./Core/Src/system_stm32f1xx.o
 .debug_info    0x000000000000629d       0x22 ./Core/Startup/startup_stm32f103c8tx.o
 .debug_info    0x00000000000062bf      0x734 ./Drivers/STM32F1xx_HAL_Driver/Src/stm32f1xx_hal.o
 .debug_info    0x00000000000069f3      0xcfe ./Drivers/STM32F1xx_HAL_Driver/Src/stm32f1xx_hal_adc.o
 .debug_info    0x00000000000076f1      0xa94 ./Drivers/STM32F1xx_HAL_Driver/Src/stm32f1xx_hal_adc_ex.o
 .debug_info    0x0000000000008185      0xb20 ./Drivers/STM32F1xx_HAL_Driver/Src/stm32f1xx_hal_cortex.o
 .debug_info    0x0000000000008ca5      0x744 ./Drivers/STM32F1xx_HAL_Driver/Src/stm32f1xx_hal_dma.o
 .debug_info    0x00000000000093e9      0x615 ./Drivers/STM32F1xx_HAL_Driver/Src/stm32f1xx_hal_gpio.o
 .debug_info    0x00000000000099fe      0x65c ./Drivers/STM32F1xx_HAL_Driver/Src/stm32f1xx_hal_pwr.o
 .debug_info    0x000000000000a05a      0x865 ./Drivers/STM32F1xx_HAL_Driver/Src/stm32f1xx_hal_rcc.o
 .debug_info    0x000000000000a8bf      0x3e6 ./Drivers/STM32F1xx_HAL_Driver/Src/stm32f1xx_hal_rcc_ex.o
 .debug_info    0x000000000000aca5     0x2bab ./Drivers/STM32F1xx_HAL_Driver/Src/stm32f1xx_hal_tim.o
 .debug_info    0x000000000000d850     0x15c7 ./Drivers/STM32F1xx_HAL_Driver/Src/stm32f1xx_hal_tim_ex.o
 .debug_info    0x000000000000ee17     0x31b2 ./Drivers/STM32F1xx_HAL_Driver/Src/stm32f1xx_hal_uart.o
 .debug_info    0x0000000000011fc9     0x232c ./Middlewares/Third_Party/FreeRTOS/Source/CMSIS_RTOS/cmsis_os.o
 .debug_info    0x00000000000142f5      0xab4 ./Middlewares/Third_Party/FreeRTOS/Source/event_groups.o
 .debug_info    0x0000000000014da9      0x2cb ./Middlewares/Third_Party/FreeRTOS/Source/list.o
 .debug_info    0x0000000000015074     0x18bd ./Middlewares/Third_Party/FreeRTOS/Source/queue.o
 .debug_info    0x0000000000016931     0x24ea ./Middlewares/Third_Party/FreeRTOS/Source/tasks.o
 .debug_info    0x0000000000018e1b      0x4b7 ./Middlewares/Third_Party/FreeRTOS/Source/portable/GCC/ARM_CM3/port.o
 .debug_info    0x00000000000192d2      0x3e8 ./Middlewares/Third_Party/FreeRTOS/Source/portable/MemMang/heap_4.o

.debug_abbrev   0x0000000000000000     0x3bc5
 .debug_abbrev  0x0000000000000000      0x182 ./Core/Src/CAR.o
 .debug_abbrev  0x0000000000000182      0x1b3 ./Core/Src/L298N.o
 .debug_abbrev  0x0000000000000335      0x169 ./Core/Src/freertos.o
 .debug_abbrev  0x000000000000049e      0x36f ./Core/Src/main.o
 .debug_abbrev  0x000000000000080d      0x242 ./Core/Src/stm32f1xx_hal_msp.o
 .debug_abbrev  0x0000000000000a4f      0x1de ./Core/Src/stm32f1xx_it.o
 .debug_abbrev  0x0000000000000c2d      0x13b ./Core/Src/system_stm32f1xx.o
 .debug_abbrev  0x0000000000000d68       0x12 ./Core/Startup/startup_stm32f103c8tx.o
 .debug_abbrev  0x0000000000000d7a      0x1fb ./Drivers/STM32F1xx_HAL_Driver/Src/stm32f1xx_hal.o
 .debug_abbrev  0x0000000000000f75      0x210 ./Drivers/STM32F1xx_HAL_Driver/Src/stm32f1xx_hal_adc.o
 .debug_abbrev  0x0000000000001185      0x234 ./Drivers/STM32F1xx_HAL_Driver/Src/stm32f1xx_hal_adc_ex.o
 .debug_abbrev  0x00000000000013b9      0x2ed ./Drivers/STM32F1xx_HAL_Driver/Src/stm32f1xx_hal_cortex.o
 .debug_abbrev  0x00000000000016a6      0x1fe ./Drivers/STM32F1xx_HAL_Driver/Src/stm32f1xx_hal_dma.o
 .debug_abbrev  0x00000000000018a4      0x1bb ./Drivers/STM32F1xx_HAL_Driver/Src/stm32f1xx_hal_gpio.o
 .debug_abbrev  0x0000000000001a5f      0x1ed ./Drivers/STM32F1xx_HAL_Driver/Src/stm32f1xx_hal_pwr.o
 .debug_abbrev  0x0000000000001c4c      0x2a8 ./Drivers/STM32F1xx_HAL_Driver/Src/stm32f1xx_hal_rcc.o
 .debug_abbrev  0x0000000000001ef4      0x182 ./Drivers/STM32F1xx_HAL_Driver/Src/stm32f1xx_hal_rcc_ex.o
 .debug_abbrev  0x0000000000002076      0x264 ./Drivers/STM32F1xx_HAL_Driver/Src/stm32f1xx_hal_tim.o
 .debug_abbrev  0x00000000000022da      0x26c ./Drivers/STM32F1xx_HAL_Driver/Src/stm32f1xx_hal_tim_ex.o
 .debug_abbrev  0x0000000000002546      0x2df ./Drivers/STM32F1xx_HAL_Driver/Src/stm32f1xx_hal_uart.o
 .debug_abbrev  0x0000000000002825      0x406 ./Middlewares/Third_Party/FreeRTOS/Source/CMSIS_RTOS/cmsis_os.o
 .debug_abbrev  0x0000000000002c2b      0x2d4 ./Middlewares/Third_Party/FreeRTOS/Source/event_groups.o
 .debug_abbrev  0x0000000000002eff       0xf2 ./Middlewares/Third_Party/FreeRTOS/Source/list.o
 .debug_abbrev  0x0000000000002ff1      0x3ba ./Middlewares/Third_Party/FreeRTOS/Source/queue.o
 .debug_abbrev  0x00000000000033ab      0x3c4 ./Middlewares/Third_Party/FreeRTOS/Source/tasks.o
 .debug_abbrev  0x000000000000376f      0x257 ./Middlewares/Third_Party/FreeRTOS/Source/portable/GCC/ARM_CM3/port.o
 .debug_abbrev  0x00000000000039c6      0x1ff ./Middlewares/Third_Party/FreeRTOS/Source/portable/MemMang/heap_4.o

.debug_aranges  0x0000000000000000     0x1578
 .debug_aranges
                0x0000000000000000       0x58 ./Core/Src/CAR.o
 .debug_aranges
                0x0000000000000058       0x38 ./Core/Src/L298N.o
 .debug_aranges
                0x0000000000000090       0x20 ./Core/Src/freertos.o
 .debug_aranges
                0x00000000000000b0       0xb0 ./Core/Src/main.o
 .debug_aranges
                0x0000000000000160       0x68 ./Core/Src/stm32f1xx_hal_msp.o
 .debug_aranges
                0x00000000000001c8       0x80 ./Core/Src/stm32f1xx_it.o
 .debug_aranges
                0x0000000000000248       0x28 ./Core/Src/system_stm32f1xx.o
 .debug_aranges
                0x0000000000000270       0x28 ./Core/Startup/startup_stm32f103c8tx.o
 .debug_aranges
                0x0000000000000298       0xe0 ./Drivers/STM32F1xx_HAL_Driver/Src/stm32f1xx_hal.o
 .debug_aranges
                0x0000000000000378       0xf0 ./Drivers/STM32F1xx_HAL_Driver/Src/stm32f1xx_hal_adc.o
 .debug_aranges
                0x0000000000000468       0x80 ./Drivers/STM32F1xx_HAL_Driver/Src/stm32f1xx_hal_adc_ex.o
 .debug_aranges
                0x00000000000004e8      0x100 ./Drivers/STM32F1xx_HAL_Driver/Src/stm32f1xx_hal_cortex.o
 .debug_aranges
                0x00000000000005e8       0x80 ./Drivers/STM32F1xx_HAL_Driver/Src/stm32f1xx_hal_dma.o
 .debug_aranges
                0x0000000000000668       0x58 ./Drivers/STM32F1xx_HAL_Driver/Src/stm32f1xx_hal_gpio.o
 .debug_aranges
                0x00000000000006c0       0xa8 ./Drivers/STM32F1xx_HAL_Driver/Src/stm32f1xx_hal_pwr.o
 .debug_aranges
                0x0000000000000768       0x90 ./Drivers/STM32F1xx_HAL_Driver/Src/stm32f1xx_hal_rcc.o
 .debug_aranges
                0x00000000000007f8       0x30 ./Drivers/STM32F1xx_HAL_Driver/Src/stm32f1xx_hal_rcc_ex.o
 .debug_aranges
                0x0000000000000828      0x3d0 ./Drivers/STM32F1xx_HAL_Driver/Src/stm32f1xx_hal_tim.o
 .debug_aranges
                0x0000000000000bf8      0x168 ./Drivers/STM32F1xx_HAL_Driver/Src/stm32f1xx_hal_tim_ex.o
 .debug_aranges
                0x0000000000000d60      0x208 ./Drivers/STM32F1xx_HAL_Driver/Src/stm32f1xx_hal_uart.o
 .debug_aranges
                0x0000000000000f68      0x1d8 ./Middlewares/Third_Party/FreeRTOS/Source/CMSIS_RTOS/cmsis_os.o
 .debug_aranges
                0x0000000000001140       0x70 ./Middlewares/Third_Party/FreeRTOS/Source/event_groups.o
 .debug_aranges
                0x00000000000011b0       0x40 ./Middlewares/Third_Party/FreeRTOS/Source/list.o
 .debug_aranges
                0x00000000000011f0      0x118 ./Middlewares/Third_Party/FreeRTOS/Source/queue.o
 .debug_aranges
                0x0000000000001308      0x1a8 ./Middlewares/Third_Party/FreeRTOS/Source/tasks.o
 .debug_aranges
                0x00000000000014b0       0x78 ./Middlewares/Third_Party/FreeRTOS/Source/portable/GCC/ARM_CM3/port.o
 .debug_aranges
                0x0000000000001528       0x50 ./Middlewares/Third_Party/FreeRTOS/Source/portable/MemMang/heap_4.o

.debug_ranges   0x0000000000000000     0x1400
 .debug_ranges  0x0000000000000000       0x48 ./Core/Src/CAR.o
 .debug_ranges  0x0000000000000048       0x28 ./Core/Src/L298N.o
 .debug_ranges  0x0000000000000070       0x10 ./Core/Src/freertos.o
 .debug_ranges  0x0000000000000080       0xa0 ./Core/Src/main.o
 .debug_ranges  0x0000000000000120       0x58 ./Core/Src/stm32f1xx_hal_msp.o
 .debug_ranges  0x0000000000000178       0x70 ./Core/Src/stm32f1xx_it.o
 .debug_ranges  0x00000000000001e8       0x18 ./Core/Src/system_stm32f1xx.o
 .debug_ranges  0x0000000000000200       0x20 ./Core/Startup/startup_stm32f103c8tx.o
 .debug_ranges  0x0000000000000220       0xd0 ./Drivers/STM32F1xx_HAL_Driver/Src/stm32f1xx_hal.o
 .debug_ranges  0x00000000000002f0       0xe0 ./Drivers/STM32F1xx_HAL_Driver/Src/stm32f1xx_hal_adc.o
 .debug_ranges  0x00000000000003d0       0x70 ./Drivers/STM32F1xx_HAL_Driver/Src/stm32f1xx_hal_adc_ex.o
 .debug_ranges  0x0000000000000440       0xf0 ./Drivers/STM32F1xx_HAL_Driver/Src/stm32f1xx_hal_cortex.o
 .debug_ranges  0x0000000000000530       0x70 ./Drivers/STM32F1xx_HAL_Driver/Src/stm32f1xx_hal_dma.o
 .debug_ranges  0x00000000000005a0       0x48 ./Drivers/STM32F1xx_HAL_Driver/Src/stm32f1xx_hal_gpio.o
 .debug_ranges  0x00000000000005e8       0x98 ./Drivers/STM32F1xx_HAL_Driver/Src/stm32f1xx_hal_pwr.o
 .debug_ranges  0x0000000000000680       0x80 ./Drivers/STM32F1xx_HAL_Driver/Src/stm32f1xx_hal_rcc.o
 .debug_ranges  0x0000000000000700       0x20 ./Drivers/STM32F1xx_HAL_Driver/Src/stm32f1xx_hal_rcc_ex.o
 .debug_ranges  0x0000000000000720      0x3c0 ./Drivers/STM32F1xx_HAL_Driver/Src/stm32f1xx_hal_tim.o
 .debug_ranges  0x0000000000000ae0      0x158 ./Drivers/STM32F1xx_HAL_Driver/Src/stm32f1xx_hal_tim_ex.o
 .debug_ranges  0x0000000000000c38      0x228 ./Drivers/STM32F1xx_HAL_Driver/Src/stm32f1xx_hal_uart.o
 .debug_ranges  0x0000000000000e60      0x1c8 ./Middlewares/Third_Party/FreeRTOS/Source/CMSIS_RTOS/cmsis_os.o
 .debug_ranges  0x0000000000001028       0x60 ./Middlewares/Third_Party/FreeRTOS/Source/event_groups.o
 .debug_ranges  0x0000000000001088       0x30 ./Middlewares/Third_Party/FreeRTOS/Source/list.o
 .debug_ranges  0x00000000000010b8      0x108 ./Middlewares/Third_Party/FreeRTOS/Source/queue.o
 .debug_ranges  0x00000000000011c0      0x198 ./Middlewares/Third_Party/FreeRTOS/Source/tasks.o
 .debug_ranges  0x0000000000001358       0x68 ./Middlewares/Third_Party/FreeRTOS/Source/portable/GCC/ARM_CM3/port.o
 .debug_ranges  0x00000000000013c0       0x40 ./Middlewares/Third_Party/FreeRTOS/Source/portable/MemMang/heap_4.o

.debug_macro    0x0000000000000000    0x1a495
 .debug_macro   0x0000000000000000      0x1cf ./Core/Src/CAR.o
 .debug_macro   0x00000000000001cf      0xa6c ./Core/Src/CAR.o
 .debug_macro   0x0000000000000c3b      0x221 ./Core/Src/CAR.o
 .debug_macro   0x0000000000000e5c       0x2e ./Core/Src/CAR.o
 .debug_macro   0x0000000000000e8a       0x22 ./Core/Src/CAR.o
 .debug_macro   0x0000000000000eac       0x22 ./Core/Src/CAR.o
 .debug_macro   0x0000000000000ece       0x8e ./Core/Src/CAR.o
 .debug_macro   0x0000000000000f5c       0x51 ./Core/Src/CAR.o
 .debug_macro   0x0000000000000fad      0x103 ./Core/Src/CAR.o
 .debug_macro   0x00000000000010b0       0x6a ./Core/Src/CAR.o
 .debug_macro   0x000000000000111a      0x1df ./Core/Src/CAR.o
 .debug_macro   0x00000000000012f9       0x1c ./Core/Src/CAR.o
 .debug_macro   0x0000000000001315       0x22 ./Core/Src/CAR.o
 .debug_macro   0x0000000000001337       0xbd ./Core/Src/CAR.o
 .debug_macro   0x00000000000013f4      0xd23 ./Core/Src/CAR.o
 .debug_macro   0x0000000000002117     0xe09e ./Core/Src/CAR.o
 .debug_macro   0x00000000000101b5       0x6d ./Core/Src/CAR.o
 .debug_macro   0x0000000000010222     0x348d ./Core/Src/CAR.o
 .debug_macro   0x00000000000136af      0x174 ./Core/Src/CAR.o
 .debug_macro   0x0000000000013823       0x5c ./Core/Src/CAR.o
 .debug_macro   0x000000000001387f      0x5bc ./Core/Src/CAR.o
 .debug_macro   0x0000000000013e3b      0x289 ./Core/Src/CAR.o
 .debug_macro   0x00000000000140c4      0x1cb ./Core/Src/CAR.o
 .debug_macro   0x000000000001428f      0x114 ./Core/Src/CAR.o
 .debug_macro   0x00000000000143a3      0x1b2 ./Core/Src/CAR.o
 .debug_macro   0x0000000000014555       0x27 ./Core/Src/CAR.o
 .debug_macro   0x000000000001457c      0x136 ./Core/Src/CAR.o
 .debug_macro   0x00000000000146b2      0x1bc ./Core/Src/CAR.o
 .debug_macro   0x000000000001486e       0x34 ./Core/Src/CAR.o
 .debug_macro   0x00000000000148a2       0x3c ./Core/Src/CAR.o
 .debug_macro   0x00000000000148de       0x57 ./Core/Src/CAR.o
 .debug_macro   0x0000000000014935      0x46a ./Core/Src/CAR.o
 .debug_macro   0x0000000000014d9f      0x1b5 ./Core/Src/CAR.o
 .debug_macro   0x0000000000014f54       0x87 ./Core/Src/CAR.o
 .debug_macro   0x0000000000014fdb      0x240 ./Core/Src/CAR.o
 .debug_macro   0x000000000001521b      0x140 ./Core/Src/CAR.o
 .debug_macro   0x000000000001535b      0x8ed ./Core/Src/CAR.o
 .debug_macro   0x0000000000015c48      0x28e ./Core/Src/CAR.o
 .debug_macro   0x0000000000015ed6       0x83 ./Core/Src/CAR.o
 .debug_macro   0x0000000000015f59      0x1c7 ./Core/Src/L298N.o
 .debug_macro   0x0000000000016120      0x2c6 ./Core/Src/freertos.o
 .debug_macro   0x00000000000163e6       0xdc ./Core/Src/freertos.o
 .debug_macro   0x00000000000164c2      0x15a ./Core/Src/freertos.o
 .debug_macro   0x000000000001661c       0xd7 ./Core/Src/freertos.o
 .debug_macro   0x00000000000166f3       0x10 ./Core/Src/freertos.o
 .debug_macro   0x0000000000016703       0x1f ./Core/Src/freertos.o
 .debug_macro   0x0000000000016722       0x52 ./Core/Src/freertos.o
 .debug_macro   0x0000000000016774       0x18 ./Core/Src/freertos.o
 .debug_macro   0x000000000001678c       0x3c ./Core/Src/freertos.o
 .debug_macro   0x00000000000167c8       0x34 ./Core/Src/freertos.o
 .debug_macro   0x00000000000167fc       0x16 ./Core/Src/freertos.o
 .debug_macro   0x0000000000016812       0x43 ./Core/Src/freertos.o
 .debug_macro   0x0000000000016855       0x34 ./Core/Src/freertos.o
 .debug_macro   0x0000000000016889       0x10 ./Core/Src/freertos.o
 .debug_macro   0x0000000000016899       0x58 ./Core/Src/freertos.o
 .debug_macro   0x00000000000168f1       0x71 ./Core/Src/freertos.o
 .debug_macro   0x0000000000016962       0x1c ./Core/Src/freertos.o
 .debug_macro   0x000000000001697e      0x12a ./Core/Src/freertos.o
 .debug_macro   0x0000000000016aa8       0x10 ./Core/Src/freertos.o
 .debug_macro   0x0000000000016ab8       0x35 ./Core/Src/freertos.o
 .debug_macro   0x0000000000016aed      0x4aa ./Core/Src/freertos.o
 .debug_macro   0x0000000000016f97       0xb5 ./Core/Src/freertos.o
 .debug_macro   0x000000000001704c       0x8c ./Core/Src/freertos.o
 .debug_macro   0x00000000000170d8      0x338 ./Core/Src/main.o
 .debug_macro   0x0000000000017410       0xdc ./Core/Src/main.o
 .debug_macro   0x00000000000174ec       0x91 ./Core/Src/main.o
 .debug_macro   0x000000000001757d       0x8d ./Core/Src/main.o
 .debug_macro   0x000000000001760a       0x7e ./Core/Src/main.o
 .debug_macro   0x0000000000017688       0x19 ./Core/Src/main.o
 .debug_macro   0x00000000000176a1       0xf2 ./Core/Src/main.o
 .debug_macro   0x0000000000017793       0x22 ./Core/Src/main.o
 .debug_macro   0x00000000000177b5      0x1c1 ./Core/Src/stm32f1xx_hal_msp.o
 .debug_macro   0x0000000000017976      0x2d0 ./Core/Src/stm32f1xx_it.o
 .debug_macro   0x0000000000017c46      0x1b7 ./Core/Src/system_stm32f1xx.o
 .debug_macro   0x0000000000017dfd      0x1db ./Drivers/STM32F1xx_HAL_Driver/Src/stm32f1xx_hal.o
 .debug_macro   0x0000000000017fd8      0x1d4 ./Drivers/STM32F1xx_HAL_Driver/Src/stm32f1xx_hal_adc.o
 .debug_macro   0x00000000000181ac      0x1c9 ./Drivers/STM32F1xx_HAL_Driver/Src/stm32f1xx_hal_adc_ex.o
 .debug_macro   0x0000000000018375      0x1b7 ./Drivers/STM32F1xx_HAL_Driver/Src/stm32f1xx_hal_cortex.o
 .debug_macro   0x000000000001852c      0x1b7 ./Drivers/STM32F1xx_HAL_Driver/Src/stm32f1xx_hal_dma.o